Component: ARM Compiler 5.06 update 5 (build 528) Tool: armlink [4d35e2]

==============================================================================

Section Cross References

    startup_stm32f10x_md.o(STACK) refers (Special) to heapauxi.o(.text) for __use_two_region_memory
    startup_stm32f10x_md.o(HEAP) refers (Special) to heapauxi.o(.text) for __use_two_region_memory
    startup_stm32f10x_md.o(RESET) refers (Special) to heapauxi.o(.text) for __use_two_region_memory
    startup_stm32f10x_md.o(RESET) refers to startup_stm32f10x_md.o(STACK) for __initial_sp
    startup_stm32f10x_md.o(RESET) refers to startup_stm32f10x_md.o(.text) for Reset_Handler
    startup_stm32f10x_md.o(RESET) refers to stm32f10x_it.o(i.NMI_Handler) for NMI_Handler
    startup_stm32f10x_md.o(RESET) refers to stm32f10x_it.o(i.HardFault_Handler) for HardFault_Handler
    startup_stm32f10x_md.o(RESET) refers to stm32f10x_it.o(i.MemManage_Handler) for MemManage_Handler
    startup_stm32f10x_md.o(RESET) refers to stm32f10x_it.o(i.BusFault_Handler) for BusFault_Handler
    startup_stm32f10x_md.o(RESET) refers to stm32f10x_it.o(i.UsageFault_Handler) for UsageFault_Handler
    startup_stm32f10x_md.o(RESET) refers to stm32f10x_it.o(i.SVC_Handler) for SVC_Handler
    startup_stm32f10x_md.o(RESET) refers to stm32f10x_it.o(i.DebugMon_Handler) for DebugMon_Handler
    startup_stm32f10x_md.o(RESET) refers to stm32f10x_it.o(i.PendSV_Handler) for PendSV_Handler
    startup_stm32f10x_md.o(RESET) refers to stm32f10x_it.o(i.SysTick_Handler) for SysTick_Handler
    startup_stm32f10x_md.o(RESET) refers to main.o(i.TIM1_UP_IRQHandler) for TIM1_UP_IRQHandler
    startup_stm32f10x_md.o(RESET) refers to main.o(i.USART2_IRQHandler) for USART2_IRQHandler
    startup_stm32f10x_md.o(.text) refers (Special) to heapauxi.o(.text) for __use_two_region_memory
    startup_stm32f10x_md.o(.text) refers to system_stm32f10x.o(i.SystemInit) for SystemInit
    startup_stm32f10x_md.o(.text) refers to __main.o(!!!main) for __main
    startup_stm32f10x_md.o(.text) refers to startup_stm32f10x_md.o(HEAP) for Heap_Mem
    startup_stm32f10x_md.o(.text) refers to startup_stm32f10x_md.o(STACK) for Stack_Mem
    system_stm32f10x.o(i.SetSysClock) refers to system_stm32f10x.o(i.SetSysClockTo72) for SetSysClockTo72
    system_stm32f10x.o(i.SystemCoreClockUpdate) refers to system_stm32f10x.o(.data) for SystemCoreClock
    system_stm32f10x.o(i.SystemInit) refers to system_stm32f10x.o(i.SetSysClock) for SetSysClock
    stm32f10x_adc.o(i.ADC_DeInit) refers to stm32f10x_rcc.o(i.RCC_APB2PeriphResetCmd) for RCC_APB2PeriphResetCmd
    stm32f10x_bkp.o(i.BKP_DeInit) refers to stm32f10x_rcc.o(i.RCC_BackupResetCmd) for RCC_BackupResetCmd
    stm32f10x_can.o(i.CAN_DeInit) refers to stm32f10x_rcc.o(i.RCC_APB1PeriphResetCmd) for RCC_APB1PeriphResetCmd
    stm32f10x_can.o(i.CAN_GetITStatus) refers to stm32f10x_can.o(i.CheckITStatus) for CheckITStatus
    stm32f10x_cec.o(i.CEC_DeInit) refers to stm32f10x_rcc.o(i.RCC_APB1PeriphResetCmd) for RCC_APB1PeriphResetCmd
    stm32f10x_dac.o(i.DAC_DeInit) refers to stm32f10x_rcc.o(i.RCC_APB1PeriphResetCmd) for RCC_APB1PeriphResetCmd
    stm32f10x_flash.o(i.FLASH_EnableWriteProtection) refers to stm32f10x_flash.o(i.FLASH_WaitForLastOperation) for FLASH_WaitForLastOperation
    stm32f10x_flash.o(i.FLASH_EraseAllBank1Pages) refers to stm32f10x_flash.o(i.FLASH_WaitForLastBank1Operation) for FLASH_WaitForLastBank1Operation
    stm32f10x_flash.o(i.FLASH_EraseAllPages) refers to stm32f10x_flash.o(i.FLASH_WaitForLastOperation) for FLASH_WaitForLastOperation
    stm32f10x_flash.o(i.FLASH_EraseOptionBytes) refers to stm32f10x_flash.o(i.FLASH_GetReadOutProtectionStatus) for FLASH_GetReadOutProtectionStatus
    stm32f10x_flash.o(i.FLASH_EraseOptionBytes) refers to stm32f10x_flash.o(i.FLASH_WaitForLastOperation) for FLASH_WaitForLastOperation
    stm32f10x_flash.o(i.FLASH_ErasePage) refers to stm32f10x_flash.o(i.FLASH_WaitForLastOperation) for FLASH_WaitForLastOperation
    stm32f10x_flash.o(i.FLASH_ProgramHalfWord) refers to stm32f10x_flash.o(i.FLASH_WaitForLastOperation) for FLASH_WaitForLastOperation
    stm32f10x_flash.o(i.FLASH_ProgramOptionByteData) refers to stm32f10x_flash.o(i.FLASH_WaitForLastOperation) for FLASH_WaitForLastOperation
    stm32f10x_flash.o(i.FLASH_ProgramWord) refers to stm32f10x_flash.o(i.FLASH_WaitForLastOperation) for FLASH_WaitForLastOperation
    stm32f10x_flash.o(i.FLASH_ReadOutProtection) refers to stm32f10x_flash.o(i.FLASH_WaitForLastOperation) for FLASH_WaitForLastOperation
    stm32f10x_flash.o(i.FLASH_UserOptionByteConfig) refers to stm32f10x_flash.o(i.FLASH_WaitForLastOperation) for FLASH_WaitForLastOperation
    stm32f10x_flash.o(i.FLASH_WaitForLastBank1Operation) refers to stm32f10x_flash.o(i.FLASH_GetBank1Status) for FLASH_GetBank1Status
    stm32f10x_flash.o(i.FLASH_WaitForLastOperation) refers to stm32f10x_flash.o(i.FLASH_GetBank1Status) for FLASH_GetBank1Status
[...]
    i.OLED_ShowNum                           0x08001008   Section        0  oled.o(i.OLED_ShowNum)
    i.OLED_ShowString                        0x0800104c   Section        0  oled.o(i.OLED_ShowString)
    i.OLED_WriteCommand                      0x08001074   Section        0  oled.o(i.OLED_WriteCommand)
    i.OLED_WriteData                         0x080010ac   Section        0  oled.o(i.OLED_WriteData)
    i.PWM_Init                               0x080010e0   Section        0  pwm.o(i.PWM_Init)
    i.PWM_Limiting                           0x08001174   Section        0  pwm.o(i.PWM_Limiting)
    i.PWM_SetCompare3                        0x080011a8   Section        0  pwm.o(i.PWM_SetCompare3)
    i.PWM_SetCompare4                        0x080011bc   Section        0  pwm.o(i.PWM_SetCompare4)
    i.PendSV_Handler                         0x080011d0   Section        0  stm32f10x_it.o(i.PendSV_Handler)
    i.PrintChar                              0x080011d2   Section        0  usart.o(i.PrintChar)
    i.RCC_APB1PeriphClockCmd                 0x080011ec   Section        0  stm32f10x_rcc.o(i.RCC_APB1PeriphClockCmd)
    i.RCC_APB2PeriphClockCmd                 0x0800120c   Section        0  stm32f10x_rcc.o(i.RCC_APB2PeriphClockCmd)
    i.Read_Encoder                           0x0800122c   Section        0  encoder.o(i.Read_Encoder)
    i.SVC_Handler                            0x08001264   Section        0  stm32f10x_it.o(i.SVC_Handler)
    i.SetSysClock                            0x08001266   Section        0  system_stm32f10x.o(i.SetSysClock)
    SetSysClock                              0x08001267   Thumb Code     8  system_stm32f10x.o(i.SetSysClock)
    i.SetSysClockTo72                        0x08001270   Section        0  system_stm32f10x.o(i.SetSysClockTo72)
    SetSysClockTo72                          0x08001271   Thumb Code   214  system_stm32f10x.o(i.SetSysClockTo72)
    i.SysTick_Handler                        0x08001350   Section        0  stm32f10x_it.o(i.SysTick_Handler)
    i.SystemInit                             0x08001354   Section        0  system_stm32f10x.o(i.SystemInit)
    i.TI1_Config                             0x080013b4   Section        0  stm32f10x_tim.o(i.TI1_Config)
    TI1_Config                               0x080013b5   Thumb Code   108  stm32f10x_tim.o(i.TI1_Config)
    i.TI2_Config                             0x08001434   Section        0  stm32f10x_tim.o(i.TI2_Config)
    TI2_Config                               0x08001435   Thumb Code   130  stm32f10x_tim.o(i.TI2_Config)
    i.TI3_Config                             0x080014cc   Section        0  stm32f10x_tim.o(i.TI3_Config)
    TI3_Config                               0x080014cd   Thumb Code   122  stm32f10x_tim.o(i.TI3_Config)
    i.TI4_Config                             0x0800155c   Section        0  stm32f10x_tim.o(i.TI4_Config)
    TI4_Config                               0x0800155d   Thumb Code   130  stm32f10x_tim.o(i.TI4_Config)
    i.TIM1_Int_Init                          0x080015f4   Section        0  timer.o(i.TIM1_Int_Init)
    i.TIM1_UP_IRQHandler                     0x08001660   Section        0  main.o(i.TIM1_UP_IRQHandler)
    i.TIM_ClearFlag                          0x08001730   Section        0  stm32f10x_tim.o(i.TIM_ClearFlag)
    i.TIM_ClearITPendingBit                  0x08001736   Section        0  stm32f10x_tim.o(i.TIM_ClearITPendingBit)
    i.TIM_Cmd                                0x0800173c   Section        0  stm32f10x_tim.o(i.TIM_Cmd)
    i.TIM_EncoderInterfaceConfig             0x08001754   Section        0  stm32f10x_tim.o(i.TIM_EncoderInterfaceConfig)
    i.TIM_GetITStatus                        0x08001796   Section        0  stm32f10x_tim.o(i.TIM_GetITStatus)
    i.TIM_ICInit                             0x080017b8   Section        0  stm32f10x_tim.o(i.TIM_ICInit)
    i.TIM_ICStructInit                       0x08001864   Section        0  stm32f10x_tim.o(i.TIM_ICStructInit)
    i.TIM_ITConfig                           0x08001876   Section        0  stm32f10x_tim.o(i.TIM_ITConfig)
    i.TIM_OC3Init                            0x08001888   Section        0  stm32f10x_tim.o(i.TIM_OC3Init)
    i.TIM_OC4Init                            0x08001928   Section        0  stm32f10x_tim.o(i.TIM_OC4Init)
    i.TIM_OCStructInit                       0x080019a4   Section        0  stm32f10x_tim.o(i.TIM_OCStructInit)
    i.TIM_SetCompare3                        0x080019b8   Section        0  stm32f10x_tim.o(i.TIM_SetCompare3)
    i.TIM_SetCompare4                        0x080019bc   Section        0  stm32f10x_tim.o(i.TIM_SetCompare4)
    i.TIM_SetCounter                         0x080019c2   Section        0  stm32f10x_tim.o(i.TIM_SetCounter)
    i.TIM_SetIC1Prescaler                    0x080019c6   Section        0  stm32f10x_tim.o(i.TIM_SetIC1Prescaler)
    i.TIM_SetIC2Prescaler                    0x080019d8   Section        0  stm32f10x_tim.o(i.TIM_SetIC2Prescaler)
    i.TIM_SetIC3Prescaler                    0x080019f2   Section        0  stm32f10x_tim.o(i.TIM_SetIC3Prescaler)
    i.TIM_SetIC4Prescaler                    0x08001a04   Section        0  stm32f10x_tim.o(i.TIM_SetIC4Prescaler)
    i.TIM_TimeBaseInit                       0x08001a20   Section        0  stm32f10x_tim.o(i.TIM_TimeBaseInit)
    i.TIM_TimeBaseStructInit                 0x08001ac4   Section        0  stm32f10x_tim.o(i.TIM_TimeBaseStructInit)
    i.USART1_Send_Byte                       0x08001ad8   Section        0  usart.o(i.USART1_Send_Byte)
    i.USART2_IRQHandler                      0x08001af8   Section        0  main.o(i.USART2_IRQHandler)
    i.USART_GetFlagStatus                    0x08001b1c   Section        0  stm32f10x_usart.o(i.USART_GetFlagStatus)
    i.USART_GetITStatus                      0x08001b36   Section        0  stm32f10x_usart.o(i.USART_GetITStatus)
    i.USART_ReceiveData                      0x08001b8a   Section        0  stm32f10x_usart.o(i.USART_ReceiveData)
    i.USART_SendData                         0x08001b94   Section        0  stm32f10x_usart.o(i.USART_SendData)
    i.UsageFault_Handler                     0x08001b9c   Section        0  stm32f10x_it.o(i.UsageFault_Handler)
    i.__ARM_fpclassify                       0x08001ba0   Section        0  fpclassify.o(i.__ARM_fpclassify)
    i.__kernel_poly                          0x08001bc8   Section        0  poly.o(i.__kernel_poly)
    i.__mathlib_dbl_infnan                   0x08001c72   Section        0  dunder.o(i.__mathlib_dbl_infnan)
    i.__mathlib_dbl_infnan2                  0x08001c78   Section        0  dunder.o(i.__mathlib_dbl_infnan2)
    i.__mathlib_dbl_invalid                  0x08001c7c   Section        0  dunder.o(i.__mathlib_dbl_invalid)
    i.__mathlib_dbl_underflow                0x08001c88   Section        0  dunder.o(i.__mathlib_dbl_underflow)
    i.asin                                   0x08001c98   Section        0  asin.o(i.asin)
    i.atan                                   0x08001f08   Section        0  atan.o(i.atan)
    i.atan2                                  0x08002128   Section        0  atan2.o(i.atan2)
    i.balance                                0x080022a8   Section        0  control.o(i.balance)
    i.decode_gesture                         0x080022f4   Section        0  inv_mpu_dmp_motion_driver.o(i.decode_gesture)
    decode_gesture                           0x080022f5   Thumb Code    94  inv_mpu_dmp_motion_driver.o(i.decode_gesture)
    i.delay_ms                               0x08002358   Section        0  delay.o(i.delay_ms)
    i.delay_us                               0x08002370   Section        0  delay.o(i.delay_us)
    i.dmp_enable_6x_lp_quat                  0x0800238a   Section        0  inv_mpu_dmp_motion_driver.o(i.dmp_enable_6x_lp_quat)
    i.dmp_enable_feature                     0x080023c8   Section        0  inv_mpu_dmp_motion_driver.o(i.dmp_enable_feature)
    i.dmp_enable_gyro_cal                    0x080025e4   Section        0  inv_mpu_dmp_motion_driver.o(i.dmp_enable_gyro_cal)
    i.dmp_enable_lp_quat                     0x0800263c   Section        0  inv_mpu_dmp_motion_driver.o(i.dmp_enable_lp_quat)
    i.dmp_load_motion_driver_firmware        0x08002678   Section        0  inv_mpu_dmp_motion_driver.o(i.dmp_load_motion_driver_firmware)
    i.dmp_read_fifo                          0x08002690   Section        0  inv_mpu_dmp_motion_driver.o(i.dmp_read_fifo)
    i.dmp_set_fifo_rate                      0x0800285c   Section        0  inv_mpu_dmp_motion_driver.o(i.dmp_set_fifo_rate)
    i.dmp_set_orientation                    0x080028cc   Section        0  inv_mpu_dmp_motion_driver.o(i.dmp_set_orientation)
    i.dmp_set_shake_reject_thresh            0x08002a04   Section        0  inv_mpu_dmp_motion_driver.o(i.dmp_set_shake_reject_thresh)
    i.dmp_set_shake_reject_time              0x08002a3c   Section        0  inv_mpu_dmp_motion_driver.o(i.dmp_set_shake_reject_time)
    i.dmp_set_shake_reject_timeout           0x08002a62   Section        0  inv_mpu_dmp_motion_driver.o(i.dmp_set_shake_reject_timeout)
    i.dmp_set_tap_axes                       0x08002a88   Section        0  inv_mpu_dmp_motion_driver.o(i.dmp_set_tap_axes)
    i.dmp_set_tap_count                      0x08002ace   Section        0  inv_mpu_dmp_motion_driver.o(i.dmp_set_tap_count)
    i.dmp_set_tap_thresh                     0x08002af4   Section        0  inv_mpu_dmp_motion_driver.o(i.dmp_set_tap_thresh)
    i.dmp_set_tap_time                       0x08002c94   Section        0  inv_mpu_dmp_motion_driver.o(i.dmp_set_tap_time)
    i.dmp_set_tap_time_multi                 0x08002cba   Section        0  inv_mpu_dmp_motion_driver.o(i.dmp_set_tap_time_multi)
    i.fts                                    0x08002ce0   Section        0  main.o(i.fts)
    i.get_ms                                 0x08002da4   Section        0  delay.o(i.get_ms)
    i.i2cInit                                0x08002da8   Section        0  i2c.o(i.i2cInit)
    i.i2cRead                                0x08002dd4   Section        0  i2c.o(i.i2cRead)
    i.i2cWriteBuffer                         0x08002e4c   Section        0  i2c.o(i.i2cWriteBuffer)
    i.i2cread                                0x08002eb0   Section        0  i2c.o(i.i2cread)
    i.i2cwrite                               0x08002ed6   Section        0  i2c.o(i.i2cwrite)
    i.inv_orientation_matrix_to_scalar       0x08002efc   Section        0  inv_mpu_dmp_motion_driver.o(i.inv_orientation_matrix_to_scalar)
    i.inv_row_2_scale                        0x08002f24   Section        0  inv_mpu_dmp_motion_driver.o(i.inv_row_2_scale)
    inv_row_2_scale                          0x08002f25   Thumb Code    78  inv_mpu_dmp_motion_driver.o(i.inv_row_2_scale)
    i.main                                   0x08002f74   Section        0  main.o(i.main)
    i.mpu_configure_fifo                     0x08002fc4   Section        0  inv_mpu.o(i.mpu_configure_fifo)
    i.mpu_get_accel_fsr                      0x08003034   Section        0  inv_mpu.o(i.mpu_get_accel_fsr)
    i.mpu_init                               0x08003080   Section        0  inv_mpu.o(i.mpu_init)
    i.mpu_load_firmware                      0x08003270   Section        0  inv_mpu.o(i.mpu_load_firmware)
    i.mpu_lp_accel_mode                      0x08003328   Section        0  inv_mpu.o(i.mpu_lp_accel_mode)
    i.mpu_read_fifo_stream                   0x08003408   Section        0  inv_mpu.o(i.mpu_read_fifo_stream)
    i.mpu_read_mem                           0x080034c8   Section        0  inv_mpu.o(i.mpu_read_mem)
    i.mpu_reset_fifo                         0x08003548   Section        0  inv_mpu.o(i.mpu_reset_fifo)
    i.mpu_set_accel_fsr                      0x08003710   Section        0  inv_mpu.o(i.mpu_set_accel_fsr)
    i.mpu_set_bypass                         0x08003794   Section        0  inv_mpu.o(i.mpu_set_bypass)
    i.mpu_set_dmp_state                      0x080038e0   Section        0  inv_mpu.o(i.mpu_set_dmp_state)
    i.mpu_set_gyro_fsr                       0x08003970   Section        0  inv_mpu.o(i.mpu_set_gyro_fsr)
    i.mpu_set_int_latched                    0x080039f8   Section        0  inv_mpu.o(i.mpu_set_int_latched)
    i.mpu_set_lpf                            0x08003a64   Section        0  inv_mpu.o(i.mpu_set_lpf)
    i.mpu_set_sample_rate                    0x08003ae8   Section        0  inv_mpu.o(i.mpu_set_sample_rate)
    i.mpu_set_sensors                        0x08003b84   Section        0  inv_mpu.o(i.mpu_set_sensors)
    i.mpu_write_mem                          0x08003c54   Section        0  inv_mpu.o(i.mpu_write_mem)
    i.set_int_enable                         0x08003cd4   Section        0  inv_mpu.o(i.set_int_enable)
    set_int_enable                           0x08003cd5   Thumb Code   138  inv_mpu.o(i.set_int_enable)
    i.sqrt                                   0x08003d64   Section        0  sqrt.o(i.sqrt)
    x$fpl$d2f                                0x08003db0   Section       98  d2f.o(x$fpl$d2f)
    x$fpl$dadd                               0x08003e14   Section      336  daddsub_clz.o(x$fpl$dadd)
    _dadd1                                   0x08003e25   Thumb Code     0  daddsub_clz.o(x$fpl$dadd)
    x$fpl$dcheck1                            0x08003f64   Section       16  dcheck1.o(x$fpl$dcheck1)
    x$fpl$ddiv                               0x08003f74   Section      688  ddiv.o(x$fpl$ddiv)
    ddiv_entry                               0x08003f7b   Thumb Code     0  ddiv.o(x$fpl$ddiv)
    x$fpl$dmul                               0x08004224   Section      340  dmul.o(x$fpl$dmul)
    x$fpl$dnaninf                            0x08004378   Section      156  dnaninf.o(x$fpl$dnaninf)
    x$fpl$dretinf                            0x08004414   Section       12  dretinf.o(x$fpl$dretinf)
    x$fpl$drsb                               0x08004420   Section       22  daddsub_clz.o(x$fpl$drsb)
    x$fpl$dsqrt                              0x08004438   Section      460  dsqrt_noumaal.o(x$fpl$dsqrt)
    x$fpl$dsub                               0x08004604   Section      468  daddsub_clz.o(x$fpl$dsub)
    _dsub1                                   0x08004615   Thumb Code     0  daddsub_clz.o(x$fpl$dsub)
    x$fpl$f2d                                0x080047d8   Section       86  f2d.o(x$fpl$f2d)
    x$fpl$fadd                               0x08004830   Section      196  faddsub_clz.o(x$fpl$fadd)
    _fadd1                                   0x0800483f   Thumb Code     0  faddsub_clz.o(x$fpl$fadd)
    x$fpl$fcmpinf                            0x080048f4   Section       24  fcmpi.o(x$fpl$fcmpinf)
    x$fpl$fdiv                               0x0800490c   Section      388  fdiv.o(x$fpl$fdiv)
    _fdiv1                                   0x0800490d   Thumb Code     0  fdiv.o(x$fpl$fdiv)
    x$fpl$ffix                               0x08004a90   Section       54  ffix.o(x$fpl$ffix)
    x$fpl$ffixu                              0x08004ac8   Section       62  ffixu.o(x$fpl$ffixu)
    x$fpl$fflt                               0x08004b08   Section       48  fflt_clz.o(x$fpl$fflt)
    x$fpl$ffltu                              0x08004b38   Section       38  fflt_clz.o(x$fpl$ffltu)
    x$fpl$fleqf                              0x08004b60   Section      104  fleqf.o(x$fpl$fleqf)
    x$fpl$fmul                               0x08004bc8   Section      258  fmul.o(x$fpl$fmul)
    x$fpl$fnaninf                            0x08004cca   Section      140  fnaninf.o(x$fpl$fnaninf)
    x$fpl$fretinf                            0x08004d56   Section       10  fretinf.o(x$fpl$fretinf)
    x$fpl$frleqf                             0x08004d60   Section       98  frleqf.o(x$fpl$frleqf)
    x$fpl$fsub                               0x08004dc4   Section      234  faddsub_clz.o(x$fpl$fsub)
    _fsub1                                   0x08004dd3   Thumb Code     0  faddsub_clz.o(x$fpl$fsub)
    x$fpl$retnan                             0x08004eae   Section      100  retnan.o(x$fpl$retnan)
    x$fpl$scalbn                             0x08004f12   Section       92  scalbn.o(x$fpl$scalbn)
    x$fpl$trapveneer                         0x08004f6e   Section       48  trapv.o(x$fpl$trapveneer)
    .constdata                               0x08004f9e   Section     1520  oled.o(.constdata)
    x$fpl$usenofp                            0x08004f9e   Section        0  usenofp.o(x$fpl$usenofp)
    .constdata                               0x08005590   Section       80  inv_mpu.o(.constdata)
    .constdata                               0x080055e0   Section     3062  inv_mpu_dmp_motion_driver.o(.constdata)
    dmp_memory                               0x080055e0   Data        3062  inv_mpu_dmp_motion_driver.o(.constdata)
    .constdata                               0x080061d8   Section       80  asin.o(.constdata)
    pS                                       0x080061d8   Data          48  asin.o(.constdata)
    qS                                       0x08006208   Data          32  asin.o(.constdata)
    .constdata                               0x08006228   Section      152  atan.o(.constdata)
    atanhi                                   0x08006228   Data          32  atan.o(.constdata)
    atanlo                                   0x08006248   Data          32  atan.o(.constdata)
    aTodd                                    0x08006268   Data          40  atan.o(.constdata)
    aTeven                                   0x08006290   Data          48  atan.o(.constdata)
    .constdata                               0x080062c0   Section        8  qnan.o(.constdata)
    .conststring                             0x080062c8   Section       78  inv_mpu.o(.conststring)
    .data                                    0x20000000   Section       72  main.o(.data)
    .data                                    0x20000048   Section        8  motor.o(.data)
    .data                                    0x20000050   Section       72  control.o(.data)
    Velocity                                 0x2000006c   Data           4  control.o(.data)
    Encoder_Least                            0x20000070   Data           4  control.o(.data)
    Encoder                                  0x20000074   Data           4  control.o(.data)
    Encoder_integral                         0x20000078   Data           4  control.o(.data)
    Turn_Target                              0x2000007c   Data           4  control.o(.data)
    Turn                                     0x20000080   Data           4  control.o(.data)
    Encoder_temp                             0x20000084   Data           4  control.o(.data)
    Turn_Convert                             0x20000088   Data           4  control.o(.data)
    Turn_Count                               0x2000008c   Data           4  control.o(.data)
    Kp                                       0x20000090   Data           4  control.o(.data)
    Kd                                       0x20000094   Data           4  control.o(.data)
    .data                                    0x20000098   Section       44  inv_mpu.o(.data)
    st                                       0x20000098   Data          44  inv_mpu.o(.data)
    .data                                    0x200000c4   Section       54  mpu6050.o(.data)
    gyro_orientation                         0x200000c4   Data           9  mpu6050.o(.data)
    .bss                                     0x200000fc   Section       16  inv_mpu_dmp_motion_driver.o(.bss)
    dmp                                      0x200000fc   Data          16  inv_mpu_dmp_motion_driver.o(.bss)
    .bss                                     0x2000010c   Section       96  libspace.o(.bss)
    HEAP                                     0x20000170   Section      512  startup_stm32f10x_md.o(HEAP)
    Heap_Mem                                 0x20000170   Data         512  startup_stm32f10x_md.o(HEAP)
    STACK                                    0x20000370   Section     1024  startup_stm32f10x_md.o(STACK)
    Stack_Mem                                0x20000370   Data        1024  startup_stm32f10x_md.o(STACK)
    __initial_sp                             0x20000770   Data           0  startup_stm32f10x_md.o(STACK)

    Global Symbols

    Symbol Name                              Value     Ov Type        Size  Object(Section)

    BuildAttributes$$THM_ISAv4$P$D$K$B$S$PE$A:L22UL41UL21$X:L11$S22US41US21$IEEE1$IW$USESV6$~STKCKD$USESV7$~SHL$OTIME$ROPI$IEEEX$EBA8$UX$STANDARDLIB$REQ8$PRES8$EABIv2 0x00000000   Number         0  anon$$obj.o ABSOLUTE
    __ARM_use_no_argv                        0x00000000   Number         0  main.o ABSOLUTE
    __ARM_exceptions_init                     - Undefined Weak Reference
    __alloca_initialize                       - Undefined Weak Reference
    __arm_preinit_                            - Undefined Weak Reference
    __cpp_initialize__aeabi_                  - Undefined Weak Reference
    __cxa_finalize                            - Undefined Weak Reference
    __rt_locale                               - Undefined Weak Reference
    __sigvec_lookup                           - Undefined Weak Reference
    _atexit_init                              - Undefined Weak Reference
    _call_atexit_fns                          - Undefined Weak Reference
    _clock_init                               - Undefined Weak Reference
    _fp_trap_init                             - Undefined Weak Reference
    _fp_trap_shutdown                         - Undefined Weak Reference
    _get_lc_collate                           - Undefined Weak Reference
    _get_lc_ctype                             - Undefined Weak Reference
    _get_lc_monetary                          - Undefined Weak Reference
    _get_lc_numeric                           - Undefined Weak Reference
    _get_lc_time                              - Undefined Weak Reference
    _getenv_init                              - Undefined Weak Reference
    _handle_redirection                       - Undefined Weak Reference
    _init_alloc                               - Undefined Weak Reference
    _init_user_alloc                          - Undefined Weak Reference
    _initio                                   - Undefined Weak Reference
    _rand_init                                - Undefined Weak Reference
    _signal_finish                            - Undefined Weak Reference
    _signal_init                              - Undefined Weak Reference
    _terminate_alloc                          - Undefined Weak Reference
    _terminate_user_alloc                     - Undefined Weak Reference
    _terminateio                              - Undefined Weak Reference
    __Vectors_Size                           0x000000ec   Number         0  startup_stm32f10x_md.o ABSOLUTE
    __Vectors                                0x08000000   Data           4  startup_stm32f10x_md.o(RESET)
    __Vectors_End                            0x080000ec   Data           0  startup_stm32f10x_md.o(RESET)
    __main                                   0x080000ed   Thumb Code     8  __main.o(!!!main)
    __scatterload                            0x080000f5   Thumb Code     0  __scatter.o(!!!scatter)
    __scatterload_rt2                        0x080000f5   Thumb Code    44  __scatter.o(!!!scatter)
    __scatterload_rt2_thumb_only             0x080000f5   Thumb Code     0  __scatter.o(!!!scatter)
    __scatterload_null                       0x08000103   Thumb Code     0  __scatter.o(!!!scatter)
    __scatterload_copy                       0x08000129   Thumb Code    26  __scatter_copy.o(!!handler_copy)
    __scatterload_zeroinit                   0x08000145   Thumb Code    28  __scatter_zi.o(!!handler_zi)
    __rt_lib_init                            0x08000161   Thumb Code     0  libinit.o(.ARM.Collect$$libinit$$00000000)
    __rt_lib_init_alloca_1                   0x08000163   Thumb Code     0  libinit2.o(.ARM.Collect$$libinit$$0000002E)
    __rt_lib_init_argv_1                     0x08000163   Thumb Code     0  libinit2.o(.ARM.Collect$$libinit$$0000002C)
    __rt_lib_init_atexit_1                   0x08000163   Thumb Code     0  libinit2.o(.ARM.Collect$$libinit$$0000001B)
    __rt_lib_init_clock_1                    0x08000163   Thumb Code     0  libinit2.o(.ARM.Collect$$libinit$$00000021)
    __rt_lib_init_cpp_1                      0x08000163   Thumb Code     0  libinit2.o(.ARM.Collect$$libinit$$00000032)
    __rt_lib_init_exceptions_1               0x08000163   Thumb Code     0  libinit2.o(.ARM.Collect$$libinit$$00000030)
    __rt_lib_init_fp_1                       0x08000163   Thumb Code     0  libinit2.o(.ARM.Collect$$libinit$$00000002)
    __rt_lib_init_fp_trap_1                  0x08000163   Thumb Code     0  libinit2.o(.ARM.Collect$$libinit$$0000001F)
    __rt_lib_init_getenv_1                   0x08000163   Thumb Code     0  libinit2.o(.ARM.Collect$$libinit$$00000023)
    __rt_lib_init_heap_1                     0x08000163   Thumb Code     0  libinit2.o(.ARM.Collect$$libinit$$0000000A)
    __rt_lib_init_lc_collate_1               0x08000163   Thumb Code     0  libinit2.o(.ARM.Collect$$libinit$$00000011)
    __rt_lib_init_lc_ctype_1                 0x08000163   Thumb Code     0  libinit2.o(.ARM.Collect$$libinit$$00000013)
    __rt_lib_init_lc_monetary_1              0x08000163   Thumb Code     0  libinit2.o(.ARM.Collect$$libinit$$00000015)
    __rt_lib_init_lc_numeric_1               0x08000163   Thumb Code     0  libinit2.o(.ARM.Collect$$libinit$$00000017)
    __rt_lib_init_lc_time_1                  0x08000163   Thumb Code     0  libinit2.o(.ARM.Collect$$libinit$$00000019)
    __rt_lib_init_preinit_1                  0x08000163   Thumb Code     0  libinit2.o(.ARM.Collect$$libinit$$00000004)
    __rt_lib_init_rand_1                     0x08000163   Thumb Code     0  libinit2.o(.ARM.Collect$$libinit$$0000000E)
    __rt_lib_init_return                     0x08000163   Thumb Code     0  libinit2.o(.ARM.Collect$$libinit$$00000033)
    __rt_lib_init_signal_1                   0x08000163   Thumb Code     0  libinit2.o(.ARM.Collect$$libinit$$0000001D)
    __rt_lib_init_stdio_1                    0x08000163   Thumb Code     0  libinit2.o(.ARM.Collect$$libinit$$00000025)
    __rt_lib_init_user_alloc_1               0x08000163   Thumb Code     0  libinit2.o(.ARM.Collect$$libinit$$0000000C)
    __rt_lib_shutdown                        0x08000165   Thumb Code     0  libshutdown.o(.ARM.Collect$$libshutdown$$00000000)
    __rt_lib_shutdown_cpp_1                  0x08000167   Thumb Code     0  libshutdown2.o(.ARM.Collect$$libshutdown$$00000002)
    __rt_lib_shutdown_fp_trap_1              0x08000167   Thumb Code     0  libshutdown2.o(.ARM.Collect$$libshutdown$$00000007)
    __rt_lib_shutdown_heap_1                 0x08000167   Thumb Code     0  libshutdown2.o(.ARM.Collect$$libshutdown$$0000000F)
    __rt_lib_shutdown_return                 0x08000167   Thumb Code     0  libshutdown2.o(.ARM.Collect$$libshutdown$$00000010)
    __rt_lib_shutdown_signal_1               0x08000167   Thumb Code     0  libshutdown2.o(.ARM.Collect$$libshutdown$$0000000A)
    __rt_lib_shutdown_stdio_1                0x08000167   Thumb Code     0  libshutdown2.o(.ARM.Collect$$libshutdown$$00000004)
    __rt_lib_shutdown_user_alloc_1           0x08000167   Thumb Code     0  libshutdown2.o(.ARM.Collect$$libshutdown$$0000000C)
    __rt_entry                               0x08000169   Thumb Code     0  __rtentry.o(.ARM.Collect$$rtentry$$00000000)
    __rt_entry_presh_1                       0x08000169   Thumb Code     0  __rtentry2.o(.ARM.Collect$$rtentry$$00000002)
    __rt_entry_sh                            0x08000169   Thumb Code     0  __rtentry4.o(.ARM.Collect$$rtentry$$00000004)
    __rt_entry_li                            0x0800016f   Thumb Code     0  __rtentry2.o(.ARM.Collect$$rtentry$$0000000A)
    __rt_entry_postsh_1                      0x0800016f   Thumb Code     0  __rtentry2.o(.ARM.Collect$$rtentry$$00000009)
    __rt_entry_main                          0x08000173   Thumb Code     0  __rtentry2.o(.ARM.Collect$$rtentry$$0000000D)
    __rt_entry_postli_1                      0x08000173   Thumb Code     0  __rtentry2.o(.ARM.Collect$$rtentry$$0000000C)
    __rt_exit                                0x0800017b   Thumb Code     0  rtexit.o(.ARM.Collect$$rtexit$$00000000)
    __rt_exit_ls                             0x0800017d   Thumb Code     0  rtexit2.o(.ARM.Collect$$rtexit$$00000003)
    __rt_exit_prels_1                        0x0800017d   Thumb Code     0  rtexit2.o(.ARM.Collect$$rtexit$$00000002)
    __rt_exit_exit                           0x08000181   Thumb Code     0  rtexit2.o(.ARM.Collect$$rtexit$$00000004)
    Reset_Handler                            0x08000189   Thumb Code     8  startup_stm32f10x_md.o(.text)
    ADC1_2_IRQHandler                        0x080001a3   Thumb Code     0  startup_stm32f10x_md.o(.text)
    CAN1_RX1_IRQHandler                      0x080001a3   Thumb Code     0  startup_stm32f10x_md.o(.text)
    CAN1_SCE_IRQHandler                      0x080001a3   Thumb Code     0  startup_stm32f10x_md.o(.text)
    DMA1_Channel1_IRQHandler                 0x080001a3   Thumb Code     0  startup_stm32f10x_md.o(.text)
    DMA1_Channel2_IRQHandler                 0x080001a3   Thumb Code     0  startup_stm32f10x_md.o(.text)
    DMA1_Channel3_IRQHandler                 0x080001a3   Thumb Code     0  startup_stm32f10x_md.o(.text)
    DMA1_Channel4_IRQHandler                 0x080001a3   Thumb Code     0  startup_stm32f10x_md.o(.text)
    DMA1_Channel5_IRQHandler                 0x080001a3   Thumb Code     0  startup_stm32f10x_md.o(.text)
    DMA1_Channel6_IRQHandler                 0x080001a3   Thumb Code     0  startup_stm32f10x_md.o(.text)
    DMA1_Channel7_IRQHandler                 0x080001a3   Thumb Code     0  startup_stm32f10x_md.o(.text)
    EXTI0_IRQHandler                         0x080001a3   Thumb Code     0  startup_stm32f10x_md.o(.text)
    EXTI15_10_IRQHandler                     0x080001a3   Thumb Code     0  startup_stm32f10x_md.o(.text)
    EXTI1_IRQHandler                         0x080001a3   Thumb Code     0  startup_stm32f10x_md.o(.text)
    EXTI2_IRQHandler                         0x080001a3   Thumb Code     0  startup_stm32f10x_md.o(.text)
    EXTI3_IRQHandler                         0x080001a3   Thumb Code     0  startup_stm32f10x_md.o(.text)
    EXTI4_IRQHandler                         0x080001a3   Thumb Code     0  startup_stm32f10x_md.o(.text)
    EXTI9_5_IRQHandler                       0x080001a3   Thumb Code     0  startup_stm32f10x_md.o(.text)
    FLASH_IRQHandler                         0x080001a3   Thumb Code     0  startup_stm32f10x_md.o(.text)
    I2C1_ER_IRQHandler                       0x080001a3   Thumb Code     0  startup_stm32f10x_md.o(.text)
    I2C1_EV_IRQHandler                       0x080001a3   Thumb Code     0  startup_stm32f10x_md.o(.text)
    I2C2_ER_IRQHandler                       0x080001a3   Thumb Code     0  startup_stm32f10x_md.o(.text)
    I2C2_EV_IRQHandler                       0x080001a3   Thumb Code     0  startup_stm32f10x_md.o(.text)
    PVD_IRQHandler                           0x080001a3   Thumb Code     0  startup_stm32f10x_md.o(.text)
    RCC_IRQHandler                           0x080001a3   Thumb Code     0  startup_stm32f10x_md.o(.text)
    RTCAlarm_IRQHandler                      0x080001a3   Thumb Code     0  startup_stm32f10x_md.o(.text)
    RTC_IRQHandler                           0x080001a3   Thumb Code     0  startup_stm32f10x_md.o(.text)
    SPI1_IRQHandler                          0x080001a3   Thumb Code     0  startup_stm32f10x_md.o(.text)
    SPI2_IRQHandler                          0x080001a3   Thumb Code     0  startup_stm32f10x_md.o(.text)
    TAMPER_IRQHandler                        0x080001a3   Thumb Code     0  startup_stm32f10x_md.o(.text)
    TIM1_BRK_IRQHandler                      0x080001a3   Thumb Code     0  startup_stm32f10x_md.o(.text)
    TIM1_CC_IRQHandler                       0x080001a3   Thumb Code     0  startup_stm32f10x_md.o(.text)
    TIM1_TRG_COM_IRQHandler                  0x080001a3   Thumb Code     0  startup_stm32f10x_md.o(.text)
    TIM2_IRQHandler                          0x080001a3   Thumb Code     0  startup_stm32f10x_md.o(.text)
    TIM3_IRQHandler                          0x080001a3   Thumb Code     0  startup_stm32f10x_md.o(.text)
    TIM4_IRQHandler                          0x080001a3   Thumb Code     0  startup_stm32f10x_md.o(.text)
    USART1_IRQHandler                        0x080001a3   Thumb Code     0  startup_stm32f10x_md.o(.text)
    USART3_IRQHandler                        0x080001a3   Thumb Code     0  startup_stm32f10x_md.o(.text)
    USBWakeUp_IRQHandler                     0x080001a3   Thumb Code     0  startup_stm32f10x_md.o(.text)
    USB_HP_CAN1_TX_IRQHandler                0x080001a3   Thumb Code     0  startup_stm32f10x_md.o(.text)
    USB_LP_CAN1_RX0_IRQHandler               0x080001a3   Thumb Code     0  startup_stm32f10x_md.o(.text)
    WWDG_IRQHandler                          0x080001a3   Thumb Code     0  startup_stm32f10x_md.o(.text)
    __user_initial_stackheap                 0x080001a5   Thumb Code     0  startup_stm32f10x_md.o(.text)
    memcmp                                   0x080001c9   Thumb Code    88  memcmp.o(.text)
    __aeabi_memset                           0x08000221   Thumb Code    16  aeabi_memset.o(.text)
    __use_two_region_memory                  0x08000231   Thumb Code     2  heapauxi.o(.text)
    __rt_heap_escrow$2region                 0x08000233   Thumb Code     2  heapauxi.o(.text)
    __rt_heap_expand$2region                 0x08000235   Thumb Code     2  heapauxi.o(.text)
    __read_errno                             0x08000237   Thumb Code    10  _rserrno.o(.text)
    __set_errno                              0x08000241   Thumb Code    12  _rserrno.o(.text)
    __aeabi_memclr                           0x0800024d   Thumb Code     0  rt_memclr.o(.text)
    __rt_memclr                              0x0800024d   Thumb Code    68  rt_memclr.o(.text)
    _memset                                  0x08000251   Thumb Code     0  rt_memclr.o(.text)
    __aeabi_errno_addr                       0x08000291   Thumb Code     8  rt_errno_addr_intlibspace.o(.text)
    __errno$intlibspace                      0x08000291   Thumb Code     0  rt_errno_addr_intlibspace.o(.text)
    __rt_errno_addr$intlibspace              0x08000291   Thumb Code     0  rt_errno_addr_intlibspace.o(.text)
    __aeabi_memclr4                          0x08000299   Thumb Code     0  rt_memclr_w.o(.text)
    __aeabi_memclr8                          0x08000299   Thumb Code     0  rt_memclr_w.o(.text)
    __rt_memclr_w                            0x08000299   Thumb Code    78  rt_memclr_w.o(.text)
    _memset_w                                0x0800029d   Thumb Code     0  rt_memclr_w.o(.text)
    __user_libspace                          0x080002e9   Thumb Code     8  libspace.o(.text)
    __user_perproc_libspace                  0x080002e9   Thumb Code     0  libspace.o(.text)
    __user_perthread_libspace                0x080002e9   Thumb Code     0  libspace.o(.text)
    __user_setup_stackheap                   0x080002f1   Thumb Code    74  sys_stackheap_outer.o(.text)
    exit                                     0x0800033b   Thumb Code    18  exit.o(.text)
    _sys_exit                                0x0800034d   Thumb Code     8  sys_exit.o(.text)
    __I$use$semihosting                      0x08000359   Thumb Code     0  use_no_semi.o(.text)
    __use_no_semihosting_swi                 0x08000359   Thumb Code     2  use_no_semi.o(.text)
    BusFault_Handler                         0x0800035b   Thumb Code     4  stm32f10x_it.o(i.BusFault_Handler)
    __semihosting_library_function           0x0800035b   Thumb Code     0  indicate_semi.o(.text)
    DebugMon_Handler                         0x0800035f   Thumb Code     2  stm32f10x_it.o(i.DebugMon_Handler)
    Encoder_Init_TIM2                        0x08000361   Thumb Code   154  encoder.o(i.Encoder_Init_TIM2)
    Encoder_Init_TIM4                        0x08000401   Thumb Code   148  encoder.o(i.Encoder_Init_TIM4)
    GPIO_Init                                0x0800049d   Thumb Code   278  stm32f10x_gpio.o(i.GPIO_Init)
    GPIO_ResetBits                           0x080005b3   Thumb Code     4  stm32f10x_gpio.o(i.GPIO_ResetBits)
    GPIO_WriteBit                            0x080005b7   Thumb Code    10  stm32f10x_gpio.o(i.GPIO_WriteBit)
    HardFault_Handler                        0x080005c1   Thumb Code     4  stm32f10x_it.o(i.HardFault_Handler)
    MPU6050_Init                             0x080007f9   Thumb Code   284  mpu6050.o(i.MPU6050_Init)
    MPU6050_Pose                             0x080009f9   Thumb Code   560  mpu6050.o(i.MPU6050_Pose)
    MemManage_Handler                        0x08000c55   Thumb Code     4  stm32f10x_it.o(i.MemManage_Handler)
    Motor_Init                               0x08000c59   Thumb Code    72  motor.o(i.Motor_Init)
    Motor_SetSpeed                           0x08000ca5   Thumb Code   112  motor.o(i.Motor_SetSpeed)
    NMI_Handler                              0x08000d21   Thumb Code     2  stm32f10x_it.o(i.NMI_Handler)
    NVIC_Init                                0x08000d25   Thumb Code   100  misc.o(i.NVIC_Init)
    NVIC_PriorityGroupConfig                 0x08000d95   Thumb Code    10  misc.o(i.NVIC_PriorityGroupConfig)
    OLED_Clear                               0x08000da9   Thumb Code    42  oled.o(i.OLED_Clear)
    OLED_Init                                0x08000dd3   Thumb Code   174  oled.o(i.OLED_Init)
    OLED_Pow                                 0x08000e81   Thumb Code    20  oled.o(i.OLED_Pow)
    OLED_SPI_Init                            0x08000e95   Thumb Code   146  oled.o(i.OLED_SPI_Init)
    OLED_SPI_SendByte                        0x08000f31   Thumb Code    58  oled.o(i.OLED_SPI_SendByte)
    OLED_SetCursor                           0x08000f71   Thumb Code    34  oled.o(i.OLED_SetCursor)
    OLED_ShowChar                            0x08000f95   Thumb Code   110  oled.o(i.OLED_ShowChar)
    OLED_ShowNum                             0x08001009   Thumb Code    68  oled.o(i.OLED_ShowNum)
    OLED_ShowString                          0x0800104d   Thumb Code    40  oled.o(i.OLED_ShowString)
    OLED_WriteCommand                        0x08001075   Thumb Code    46  oled.o(i.OLED_WriteCommand)
    OLED_WriteData                           0x080010ad   Thumb Code    44  oled.o(i.OLED_WriteData)
    PWM_Init                                 0x080010e1   Thumb Code   138  pwm.o(i.PWM_Init)
    PWM_Limiting                             0x08001175   Thumb Code    50  pwm.o(i.PWM_Limiting)
    PWM_SetCompare3                          0x080011a9   Thumb Code    14  pwm.o(i.PWM_SetCompare3)
    PWM_SetCompare4                          0x080011bd   Thumb Code    14  pwm.o(i.PWM_SetCompare4)
    PendSV_Handler                           0x080011d1   Thumb Code     2  stm32f10x_it.o(i.PendSV_Handler)
    PrintChar                                0x080011d3   Thumb Code    24  usart.o(i.PrintChar)
    RCC_APB1PeriphClockCmd                   0x080011ed   Thumb Code    26  stm32f10x_rcc.o(i.RCC_APB1PeriphClockCmd)
    RCC_APB2PeriphClockCmd                   0x0800120d   Thumb Code    26  stm32f10x_rcc.o(i.RCC_APB2PeriphClockCmd)
    Read_Encoder                             0x0800122d   Thumb Code    52  encoder.o(i.Read_Encoder)
    SVC_Handler                              0x08001265   Thumb Code     2  stm32f10x_it.o(i.SVC_Handler)
    SysTick_Handler                          0x08001351   Thumb Code     2  stm32f10x_it.o(i.SysTick_Handler)
    SystemInit                               0x08001355   Thumb Code    78  system_stm32f10x.o(i.SystemInit)
    TIM1_Int_Init                            0x080015f5   Thumb Code   102  timer.o(i.TIM1_Int_Init)
    TIM1_UP_IRQHandler                       0x08001661   Thumb Code   158  main.o(i.TIM1_UP_IRQHandler)
    TIM_ClearFlag                            0x08001731   Thumb Code     6  stm32f10x_tim.o(i.TIM_ClearFlag)
    TIM_ClearITPendingBit                    0x08001737   Thumb Code     6  stm32f10x_tim.o(i.TIM_ClearITPendingBit)
    TIM_Cmd                                  0x0800173d   Thumb Code    24  stm32f10x_tim.o(i.TIM_Cmd)
    TIM_EncoderInterfaceConfig               0x08001755   Thumb Code    66  stm32f10x_tim.o(i.TIM_EncoderInterfaceConfig)
    TIM_GetITStatus                          0x08001797   Thumb Code    34  stm32f10x_tim.o(i.TIM_GetITStatus)
    TIM_ICInit                               0x080017b9   Thumb Code   150  stm32f10x_tim.o(i.TIM_ICInit)
    TIM_ICStructInit                         0x08001865   Thumb Code    18  stm32f10x_tim.o(i.TIM_ICStructInit)
    TIM_ITConfig                             0x08001877   Thumb Code    18  stm32f10x_tim.o(i.TIM_ITConfig)
    TIM_OC3Init                              0x08001889   Thumb Code   150  stm32f10x_tim.o(i.TIM_OC3Init)
    TIM_OC4Init                              0x08001929   Thumb Code   114  stm32f10x_tim.o(i.TIM_OC4Init)
    TIM_OCStructInit                         0x080019a5   Thumb Code    20  stm32f10x_tim.o(i.TIM_OCStructInit)
    TIM_SetCompare3                          0x080019b9   Thumb Code     4  stm32f10x_tim.o(i.TIM_SetCompare3)
    TIM_SetCompare4                          0x080019bd   Thumb Code     6  stm32f10x_tim.o(i.TIM_SetCompare4)
    TIM_SetCounter                           0x080019c3   Thumb Code     4  stm32f10x_tim.o(i.TIM_SetCounter)
    TIM_SetIC1Prescaler                      0x080019c7   Thumb Code    18  stm32f10x_tim.o(i.TIM_SetIC1Prescaler)
    TIM_SetIC2Prescaler                      0x080019d9   Thumb Code    26  stm32f10x_tim.o(i.TIM_SetIC2Prescaler)
    TIM_SetIC3Prescaler                      0x080019f3   Thumb Code    18  stm32f10x_tim.o(i.TIM_SetIC3Prescaler)
    TIM_SetIC4Prescaler                      0x08001a05   Thumb Code    26  stm32f10x_tim.o(i.TIM_SetIC4Prescaler)
    TIM_TimeBaseInit                         0x08001a21   Thumb Code   122  stm32f10x_tim.o(i.TIM_TimeBaseInit)
    TIM_TimeBaseStructInit                   0x08001ac5   Thumb Code    18  stm32f10x_tim.o(i.TIM_TimeBaseStructInit)
    USART1_Send_Byte                         0x08001ad9   Thumb Code    28  usart.o(i.USART1_Send_Byte)
    USART2_IRQHandler                        0x08001af9   Thumb Code    26  main.o(i.USART2_IRQHandler)
    USART_GetFlagStatus                      0x08001b1d   Thumb Code    26  stm32f10x_usart.o(i.USART_GetFlagStatus)
    USART_GetITStatus                        0x08001b37   Thumb Code    84  stm32f10x_usart.o(i.USART_GetITStatus)
    USART_ReceiveData                        0x08001b8b   Thumb Code    10  stm32f10x_usart.o(i.USART_ReceiveData)
    USART_SendData                           0x08001b95   Thumb Code     8  stm32f10x_usart.o(i.USART_SendData)
    UsageFault_Handler                       0x08001b9d   Thumb Code     4  stm32f10x_it.o(i.UsageFault_Handler)
    __ARM_fpclassify                         0x08001ba1   Thumb Code    40  fpclassify.o(i.__ARM_fpclassify)
    __kernel_poly                            0x08001bc9   Thumb Code   170  poly.o(i.__kernel_poly)
    __mathlib_dbl_infnan                     0x08001c73   Thumb Code     6  dunder.o(i.__mathlib_dbl_infnan)
    __mathlib_dbl_infnan2                    0x08001c79   Thumb Code     4  dunder.o(i.__mathlib_dbl_infnan2)
    __mathlib_dbl_invalid                    0x08001c7d   Thumb Code    12  dunder.o(i.__mathlib_dbl_invalid)
    __mathlib_dbl_underflow                  0x08001c89   Thumb Code    10  dunder.o(i.__mathlib_dbl_underflow)
    asin                                     0x08001c99   Thumb Code   572  asin.o(i.asin)
    atan                                     0x08001f09   Thumb Code   474  atan.o(i.atan)
    atan2                                    0x08002129   Thumb Code   346  atan2.o(i.atan2)
    balance                                  0x080022a9   Thumb Code    64  control.o(i.balance)
    delay_ms                                 0x08002359   Thumb Code    24  delay.o(i.delay_ms)
    delay_us                                 0x08002371   Thumb Code    26  delay.o(i.delay_us)
    dmp_enable_6x_lp_quat                    0x0800238b   Thumb Code    60  inv_mpu_dmp_motion_driver.o(i.dmp_enable_6x_lp_quat)
    dmp_enable_feature                       0x080023c9   Thumb Code   530  inv_mpu_dmp_motion_driver.o(i.dmp_enable_feature)
    dmp_enable_gyro_cal                      0x080025e5   Thumb Code    62  inv_mpu_dmp_motion_driver.o(i.dmp_enable_gyro_cal)
    dmp_enable_lp_quat                       0x0800263d   Thumb Code    60  inv_mpu_dmp_motion_driver.o(i.dmp_enable_lp_quat)
    dmp_load_motion_driver_firmware          0x08002679   Thumb Code    20  inv_mpu_dmp_motion_driver.o(i.dmp_load_motion_driver_firmware)
    dmp_read_fifo                            0x08002691   Thumb Code   456  inv_mpu_dmp_motion_driver.o(i.dmp_read_fifo)
    dmp_set_fifo_rate                        0x0800285d   Thumb Code    96  inv_mpu_dmp_motion_driver.o(i.dmp_set_fifo_rate)
    dmp_set_orientation                      0x080028cd   Thumb Code   290  inv_mpu_dmp_motion_driver.o(i.dmp_set_orientation)
    dmp_set_shake_reject_thresh              0x08002a05   Thumb Code    56  inv_mpu_dmp_motion_driver.o(i.dmp_set_shake_reject_thresh)
    dmp_set_shake_reject_time                0x08002a3d   Thumb Code    38  inv_mpu_dmp_motion_driver.o(i.dmp_set_shake_reject_time)
    dmp_set_shake_reject_timeout             0x08002a63   Thumb Code    38  inv_mpu_dmp_motion_driver.o(i.dmp_set_shake_reject_timeout)
    dmp_set_tap_axes                         0x08002a89   Thumb Code    70  inv_mpu_dmp_motion_driver.o(i.dmp_set_tap_axes)
    dmp_set_tap_count                        0x08002acf   Thumb Code    38  inv_mpu_dmp_motion_driver.o(i.dmp_set_tap_count)
    dmp_set_tap_thresh                       0x08002af5   Thumb Code   396  inv_mpu_dmp_motion_driver.o(i.dmp_set_tap_thresh)
    dmp_set_tap_time                         0x08002c95   Thumb Code    38  inv_mpu_dmp_motion_driver.o(i.dmp_set_tap_time)
    dmp_set_tap_time_multi                   0x08002cbb   Thumb Code    38  inv_mpu_dmp_motion_driver.o(i.dmp_set_tap_time_multi)
    fts                                      0x08002ce1   Thumb Code   180  main.o(i.fts)
    get_ms                                   0x08002da5   Thumb Code     2  delay.o(i.get_ms)
    i2cInit                                  0x08002da9   Thumb Code    40  i2c.o(i.i2cInit)
    i2cRead                                  0x08002dd5   Thumb Code   120  i2c.o(i.i2cRead)
    i2cWriteBuffer                           0x08002e4d   Thumb Code   100  i2c.o(i.i2cWriteBuffer)
    i2cread                                  0x08002eb1   Thumb Code    38  i2c.o(i.i2cread)
    i2cwrite                                 0x08002ed7   Thumb Code    38  i2c.o(i.i2cwrite)
    inv_orientation_matrix_to_scalar         0x08002efd   Thumb Code    40  inv_mpu_dmp_motion_driver.o(i.inv_orientation_matrix_to_scalar)
    main                                     0x08002f75   Thumb Code    70  main.o(i.main)
    mpu_configure_fifo                       0x08002fc5   Thumb Code   106  inv_mpu.o(i.mpu_configure_fifo)
    mpu_get_accel_fsr                        0x08003035   Thumb Code    72  inv_mpu.o(i.mpu_get_accel_fsr)
    mpu_init                                 0x08003081   Thumb Code   414  inv_mpu.o(i.mpu_init)
    mpu_load_firmware                        0x08003271   Thumb Code   180  inv_mpu.o(i.mpu_load_firmware)
    mpu_lp_accel_mode                        0x08003329   Thumb Code   218  inv_mpu.o(i.mpu_lp_accel_mode)
    mpu_read_fifo_stream                     0x08003409   Thumb Code   186  inv_mpu.o(i.mpu_read_fifo_stream)
    mpu_read_mem                             0x080034c9   Thumb Code   122  inv_mpu.o(i.mpu_read_mem)
    mpu_reset_fifo                           0x08003549   Thumb Code   450  inv_mpu.o(i.mpu_reset_fifo)
    mpu_set_accel_fsr                        0x08003711   Thumb Code   126  inv_mpu.o(i.mpu_set_accel_fsr)
    mpu_set_bypass                           0x08003795   Thumb Code   328  inv_mpu.o(i.mpu_set_bypass)
    mpu_set_dmp_state                        0x080038e1   Thumb Code   138  inv_mpu.o(i.mpu_set_dmp_state)
    mpu_set_gyro_fsr                         0x08003971   Thumb Code   132  inv_mpu.o(i.mpu_set_gyro_fsr)
    mpu_set_int_latched                      0x080039f9   Thumb Code   102  inv_mpu.o(i.mpu_set_int_latched)
    mpu_set_lpf                              0x08003a65   Thumb Code   126  inv_mpu.o(i.mpu_set_lpf)
    mpu_set_sample_rate                      0x08003ae9   Thumb Code   152  inv_mpu.o(i.mpu_set_sample_rate)
    mpu_set_sensors                          0x08003b85   Thumb Code   202  inv_mpu.o(i.mpu_set_sensors)
    mpu_write_mem                            0x08003c55   Thumb Code   122  inv_mpu.o(i.mpu_write_mem)
    sqrt                                     0x08003d65   Thumb Code    76  sqrt.o(i.sqrt)
    __aeabi_d2f                              0x08003db1   Thumb Code     0  d2f.o(x$fpl$d2f)
    _d2f                                     0x08003db1   Thumb Code    98  d2f.o(x$fpl$d2f)
    __aeabi_dadd                             0x08003e15   Thumb Code     0  daddsub_clz.o(x$fpl$dadd)
    _dadd                                    0x08003e15   Thumb Code   332  daddsub_clz.o(x$fpl$dadd)
    __fpl_dcheck_NaN1                        0x08003f65   Thumb Code    10  dcheck1.o(x$fpl$dcheck1)
    __aeabi_ddiv                             0x08003f75   Thumb Code     0  ddiv.o(x$fpl$ddiv)
    _ddiv                                    0x08003f75   Thumb Code   552  ddiv.o(x$fpl$ddiv)
    __aeabi_dmul                             0x08004225   Thumb Code     0  dmul.o(x$fpl$dmul)
    _dmul                                    0x08004225   Thumb Code   332  dmul.o(x$fpl$dmul)
    __fpl_dnaninf                            0x08004379   Thumb Code   156  dnaninf.o(x$fpl$dnaninf)
    __fpl_dretinf                            0x08004415   Thumb Code    12  dretinf.o(x$fpl$dretinf)
    __aeabi_drsub                            0x08004421   Thumb Code     0  daddsub_clz.o(x$fpl$drsb)
    _drsb                                    0x08004421   Thumb Code    22  daddsub_clz.o(x$fpl$drsb)
    _dsqrt                                   0x08004439   Thumb Code   456  dsqrt_noumaal.o(x$fpl$dsqrt)
    __aeabi_dsub                             0x08004605   Thumb Code     0  daddsub_clz.o(x$fpl$dsub)
    _dsub                                    0x08004605   Thumb Code   464  daddsub_clz.o(x$fpl$dsub)
    __aeabi_f2d                              0x080047d9   Thumb Code     0  f2d.o(x$fpl$f2d)
    _f2d                                     0x080047d9   Thumb Code    86  f2d.o(x$fpl$f2d)
    __aeabi_fadd                             0x08004831   Thumb Code     0  faddsub_clz.o(x$fpl$fadd)
    _fadd                                    0x08004831   Thumb Code   196  faddsub_clz.o(x$fpl$fadd)
    __fpl_fcmp_Inf                           0x080048f5   Thumb Code    24  fcmpi.o(x$fpl$fcmpinf)
    __aeabi_fdiv                             0x0800490d   Thumb Code     0  fdiv.o(x$fpl$fdiv)
    _fdiv                                    0x0800490d   Thumb Code   384  fdiv.o(x$fpl$fdiv)
    __aeabi_f2iz                             0x08004a91   Thumb Code     0  ffix.o(x$fpl$ffix)
    _ffix                                    0x08004a91   Thumb Code    54  ffix.o(x$fpl$ffix)
    __aeabi_f2uiz                            0x08004ac9   Thumb Code     0  ffixu.o(x$fpl$ffixu)
    _ffixu                                   0x08004ac9   Thumb Code    62  ffixu.o(x$fpl$ffixu)
    __aeabi_i2f                              0x08004b09   Thumb Code     0  fflt_clz.o(x$fpl$fflt)
    _fflt                                    0x08004b09   Thumb Code    48  fflt_clz.o(x$fpl$fflt)
    __aeabi_ui2f                             0x08004b39   Thumb Code     0  fflt_clz.o(x$fpl$ffltu)
    _ffltu                                   0x08004b39   Thumb Code    38  fflt_clz.o(x$fpl$ffltu)
    __aeabi_cfcmple                          0x08004b61   Thumb Code     0  fleqf.o(x$fpl$fleqf)
    _fcmple                                  0x08004b61   Thumb Code   104  fleqf.o(x$fpl$fleqf)
    __fpl_fcmple_InfNaN                      0x08004bb3   Thumb Code     0  fleqf.o(x$fpl$fleqf)
    __aeabi_fmul                             0x08004bc9   Thumb Code     0  fmul.o(x$fpl$fmul)
    _fmul                                    0x08004bc9   Thumb Code   258  fmul.o(x$fpl$fmul)
    __fpl_fnaninf                            0x08004ccb   Thumb Code   140  fnaninf.o(x$fpl$fnaninf)
    __fpl_fretinf                            0x08004d57   Thumb Code    10  fretinf.o(x$fpl$fretinf)
    __aeabi_cfrcmple                         0x08004d61   Thumb Code     0  frleqf.o(x$fpl$frleqf)
    _frcmple                                 0x08004d61   Thumb Code    98  frleqf.o(x$fpl$frleqf)
    __aeabi_fsub                             0x08004dc5   Thumb Code     0  faddsub_clz.o(x$fpl$fsub)
    _fsub                                    0x08004dc5   Thumb Code   234  faddsub_clz.o(x$fpl$fsub)
    __fpl_return_NaN                         0x08004eaf   Thumb Code   100  retnan.o(x$fpl$retnan)
    __ARM_scalbn                             0x08004f13   Thumb Code    92  scalbn.o(x$fpl$scalbn)
    __fpl_cmpreturn                          0x08004f6f   Thumb Code    48  trapv.o(x$fpl$trapveneer)
    OLED_F8x16                               0x08004f9e   Data        1520  oled.o(.constdata)
    __I$use$fp                               0x08004f9e   Number         0  usenofp.o(x$fpl$usenofp)
    hw                                       0x08005590   Data          12  inv_mpu.o(.constdata)
    reg                                      0x0800559c   Data          27  inv_mpu.o(.constdata)
    test                                     0x080055b8   Data          40  inv_mpu.o(.constdata)
    __mathlib_zero                           0x080062c0   Data           8  qnan.o(.constdata)
    Region$$Table$$Base                      0x08006318   Number         0  anon$$obj.o(Region$$Table)
    Region$$Table$$Limit                     0x08006338   Number         0  anon$$obj.o(Region$$Table)
    Pwm1                                     0x20000000   Data           4  main.o(.data)
    Pwm2                                     0x20000004   Data           4  main.o(.data)
    Angle_Balance                            0x20000008   Data           4  main.o(.data)
    Gyro_Balance                             0x2000000c   Data           4  main.o(.data)
    Gyro_Turn                                0x20000010   Data           4  main.o(.data)
    k                                        0x20000014   Data           4  main.o(.data)
    str                                      0x20000018   Data           8  main.o(.data)
    Balance_Pwm                              0x20000020   Data           4  main.o(.data)
    Velocity_Pwm                             0x20000024   Data           4  main.o(.data)
    Turn_Pwm                                 0x20000028   Data           4  main.o(.data)
    Encoder_A                                0x2000002c   Data           4  main.o(.data)
    Encoder_B                                0x20000030   Data           4  main.o(.data)
    res                                      0x20000034   Data           1  main.o(.data)
    Flag_Left                                0x20000038   Data           4  main.o(.data)
    Flag_Right                               0x2000003c   Data           4  main.o(.data)
    Flag_Qian                                0x20000040   Data           4  main.o(.data)
    Flag_Hou                                 0x20000044   Data           4  main.o(.data)
    Dead_Zone                                0x20000048   Data           4  motor.o(.data)
    control_turn                             0x2000004c   Data           4  motor.o(.data)
    ZHONGZHI                                 0x20000050   Data           4  control.o(.data)
    Balance_Kp                               0x20000054   Data           4  control.o(.data)
    Balance_Kd                               0x20000058   Data           4  control.o(.data)
    Velocity_Kp                              0x2000005c   Data           4  control.o(.data)
    Veclocity_Ki                             0x20000060   Data           4  control.o(.data)
    Turn_Kp                                  0x20000064   Data           4  control.o(.data)
    Turn_Kd                                  0x20000068   Data           4  control.o(.data)
    q0                                       0x200000d0   Data           4  mpu6050.o(.data)
    q1                                       0x200000d4   Data           4  mpu6050.o(.data)
    q2                                       0x200000d8   Data           4  mpu6050.o(.data)
    q3                                       0x200000dc   Data           4  mpu6050.o(.data)
    Pitch                                    0x200000e0   Data           4  mpu6050.o(.data)
    Roll                                     0x200000e4   Data           4  mpu6050.o(.data)
    Yaw                                      0x200000e8   Data           4  mpu6050.o(.data)
    gyro                                     0x200000ec   Data           6  mpu6050.o(.data)
    accel                                    0x200000f2   Data           6  mpu6050.o(.data)
    sensors                                  0x200000f8   Data           2  mpu6050.o(.data)
    __libspace_start                         0x2000010c   Data          96  libspace.o(.bss)
    __temporary_stack_top$libspace           0x2000016c   Data           0  libspace.o(.bss)



==============================================================================

Memory Map of the image

  Image Entry point : 0x080000ed

  Load Region LR_IROM1 (Base: 0x08000000, Size: 0x00006434, Max: 0x00010000, ABSOLUTE)

    Execution Region ER_IROM1 (Exec base: 0x08000000, Load base: 0x08000000, Size: 0x00006338, Max: 0x00010000, ABSOLUTE)

    Exec Addr    Load Addr    Size         Type   Attr      Idx    E Section Name        Object

    0x08000000   0x08000000   0x000000ec   Data   RO           19    RESET               startup_stm32f10x_md.o
    0x080000ec   0x080000ec   0x00000008   Code   RO         4411  * !!!main             c_w.l(__main.o)
    0x080000f4   0x080000f4   0x00000034   Code   RO         4719    !!!scatter          c_w.l(__scatter.o)
    0x08000128   0x08000128   0x0000001a   Code   RO         4721    !!handler_copy      c_w.l(__scatter_copy.o)
    0x08000142   0x08000142   0x00000002   PAD
    0x08000144   0x08000144   0x0000001c   Code   RO         4723    !!handler_zi        c_w.l(__scatter_zi.o)
    0x08000160   0x08000160   0x00000002   Code   RO         4584    .ARM.Collect$$libinit$$00000000  c_w.l(libinit.o)
    0x08000162   0x08000162   0x00000000   Code   RO         4594    .ARM.Collect$$libinit$$00000002  c_w.l(libinit2.o)
    0x08000162   0x08000162   0x00000000   Code   RO         4596    .ARM.Collect$$libinit$$00000004  c_w.l(libinit2.o)
    0x08000162   0x08000162   0x00000000   Code   RO         4599    .ARM.Collect$$libinit$$0000000A  c_w.l(libinit2.o)
    0x08000162   0x08000162   0x00000000   Code   RO         4601    .ARM.Collect$$libinit$$0000000C  c_w.l(libinit2.o)
    0x08000162   0x08000162   0x00000000   Code   RO         4603    .ARM.Collect$$libinit$$0000000E  c_w.l(libinit2.o)
    0x08000162   0x08000162   0x00000000   Code   RO         4606    .ARM.Collect$$libinit$$00000011  c_w.l(libinit2.o)
    0x08000162   0x08000162   0x00000000   Code   RO         4608    .ARM.Collect$$libinit$$00000013  c_w.l(libinit2.o)
    0x08000162   0x08000162   0x00000000   Code   RO         4610    .ARM.Collect$$libinit$$00000015  c_w.l(libinit2.o)
    0x08000162   0x08000162   0x00000000   Code   RO         4612    .ARM.Collect$$libinit$$00000017  c_w.l(libinit2.o)
    0x08000162   0x08000162   0x00000000   Code   RO         4614    .ARM.Collect$$libinit$$00000019  c_w.l(libinit2.o)
    0x08000162   0x08000162   0x00000000   Code   RO         4616    .ARM.Collect$$libinit$$0000001B  c_w.l(libinit2.o)
    0x08000162   0x08000162   0x00000000   Code   RO         4618    .ARM.Collect$$libinit$$0000001D  c_w.l(libinit2.o)
    0x08000162   0x08000162   0x00000000   Code   RO         4620    .ARM.Collect$$libinit$$0000001F  c_w.l(libinit2.o)
    0x08000162   0x08000162   0x00000000   Code   RO         4622    .ARM.Collect$$libinit$$00000021  c_w.l(libinit2.o)
    0x08000162   0x08000162   0x00000000   Code   RO         4624    .ARM.Collect$$libinit$$00000023  c_w.l(libinit2.o)
    0x08000162   0x08000162   0x00000000   Code   RO         4626    .ARM.Collect$$libinit$$00000025  c_w.l(libinit2.o)
    0x08000162   0x08000162   0x00000000   Code   RO         4630    .ARM.Collect$$libinit$$0000002C  c_w.l(libinit2.o)
    0x08000162   0x08000162   0x00000000   Code   RO         4632    .ARM.Collect$$libinit$$0000002E  c_w.l(libinit2.o)
    0x08000162   0x08000162   0x00000000   Code   RO         4634    .ARM.Collect$$libinit$$00000030  c_w.l(libinit2.o)
    0x08000162   0x08000162   0x00000000   Code   RO         4636    .ARM.Collect$$libinit$$00000032  c_w.l(libinit2.o)
    0x08000162   0x08000162   0x00000002   Code   RO         4637    .ARM.Collect$$libinit$$00000033  c_w.l(libinit2.o)
    0x08000164   0x08000164   0x00000002   Code   RO         4669    .ARM.Collect$$libshutdown$$00000000  c_w.l(libshutdown.o)
    0x08000166   0x08000166   0x00000000   Code   RO         4686    .ARM.Collect$$libshutdown$$00000002  c_w.l(libshutdown2.o)
    0x08000166   0x08000166   0x00000000   Code   RO         4688    .ARM.Collect$$libshutdown$$00000004  c_w.l(libshutdown2.o)
    0x08000166   0x08000166   0x00000000   Code   RO         4691    .ARM.Collect$$libshutdown$$00000007  c_w.l(libshutdown2.o)
    0x08000166   0x08000166   0x00000000   Code   RO         4694    .ARM.Collect$$libshutdown$$0000000A  c_w.l(libshutdown2.o)
    0x08000166   0x08000166   0x00000000   Code   RO         4696    .ARM.Collect$$libshutdown$$0000000C  c_w.l(libshutdown2.o)
    0x08000166   0x08000166   0x00000000   Code   RO         4699    .ARM.Collect$$libshutdown$$0000000F  c_w.l(libshutdown2.o)
    0x08000166   0x08000166   0x00000002   Code   RO         4700    .ARM.Collect$$libshutdown$$00000010  c_w.l(libshutdown2.o)
    0x08000168   0x08000168   0x00000000   Code   RO         4471    .ARM.Collect$$rtentry$$00000000  c_w.l(__rtentry.o)
    0x08000168   0x08000168   0x00000000   Code   RO         4541    .ARM.Collect$$rtentry$$00000002  c_w.l(__rtentry2.o)
    0x08000168   0x08000168   0x00000006   Code   RO         4553    .ARM.Collect$$rtentry$$00000004  c_w.l(__rtentry4.o)
    0x0800016e   0x0800016e   0x00000000   Code   RO         4543    .ARM.Collect$$rtentry$$00000009  c_w.l(__rtentry2.o)
    0x0800016e   0x0800016e   0x00000004   Code   RO         4544    .ARM.Collect$$rtentry$$0000000A  c_w.l(__rtentry2.o)
    0x08000172   0x08000172   0x00000000   Code   RO         4546    .ARM.Collect$$rtentry$$0000000C  c_w.l(__rtentry2.o)
    0x08000172   0x08000172   0x00000008   Code   RO         4547    .ARM.Collect$$rtentry$$0000000D  c_w.l(__rtentry2.o)
    0x0800017a   0x0800017a   0x00000002   Code   RO         4587    .ARM.Collect$$rtexit$$00000000  c_w.l(rtexit.o)
    0x0800017c   0x0800017c   0x00000000   Code   RO         4641    .ARM.Collect$$rtexit$$00000002  c_w.l(rtexit2.o)
    0x0800017c   0x0800017c   0x00000004   Code   RO         4642    .ARM.Collect$$rtexit$$00000003  c_w.l(rtexit2.o)
    0x08000180   0x08000180   0x00000006   Code   RO         4643    .ARM.Collect$$rtexit$$00000004  c_w.l(rtexit2.o)
    0x08000186   0x08000186   0x00000002   PAD
    0x08000188   0x08000188   0x00000040   Code   RO           20    .text               startup_stm32f10x_md.o
    0x080001c8   0x080001c8   0x00000058   Code   RO         4405    .text               c_w.l(memcmp.o)
    0x08000220   0x08000220   0x00000010   Code   RO         4407    .text               c_w.l(aeabi_memset.o)
    0x08000230   0x08000230   0x00000006   Code   RO         4409    .text               c_w.l(heapauxi.o)
    0x08000236   0x08000236   0x00000016   Code   RO         4474    .text               c_w.l(_rserrno.o)
    0x0800024c   0x0800024c   0x00000044   Code   RO         4476    .text               c_w.l(rt_memclr.o)
    0x08000290   0x08000290   0x00000008   Code   RO         4562    .text               c_w.l(rt_errno_addr_intlibspace.o)
    0x08000298   0x08000298   0x0000004e   Code   RO         4564    .text               c_w.l(rt_memclr_w.o)
    0x080002e6   0x080002e6   0x00000002   PAD
    0x080002e8   0x080002e8   0x00000008   Code   RO         4570    .text               c_w.l(libspace.o)
    0x080002f0   0x080002f0   0x0000004a   Code   RO         4573    .text               c_w.l(sys_stackheap_outer.o)
    0x0800033a   0x0800033a   0x00000012   Code   RO         4577    .text               c_w.l(exit.o)
    0x0800034c   0x0800034c   0x0000000c   Code   RO         4657    .text               c_w.l(sys_exit.o)
    0x08000358   0x08000358   0x00000002   Code   RO         4674    .text               c_w.l(use_no_semi.o)
    0x0800035a   0x0800035a   0x00000000   Code   RO         4676    .text               c_w.l(indicate_semi.o)
    0x0800035a   0x0800035a   0x00000004   Code   RO         3261    i.BusFault_Handler  stm32f10x_it.o
    0x0800035e   0x0800035e   0x00000002   Code   RO         3262    i.DebugMon_Handler  stm32f10x_it.o
    0x08000360   0x08000360   0x000000a0   Code   RO         3631    i.Encoder_Init_TIM2  encoder.o
    0x08000400   0x08000400   0x0000009c   Code   RO         3632    i.Encoder_Init_TIM4  encoder.o
    0x0800049c   0x0800049c   0x00000116   Code   RO         1347    i.GPIO_Init         stm32f10x_gpio.o
    0x080005b2   0x080005b2   0x00000004   Code   RO         1354    i.GPIO_ResetBits    stm32f10x_gpio.o
    0x080005b6   0x080005b6   0x0000000a   Code   RO         1358    i.GPIO_WriteBit     stm32f10x_gpio.o
    0x080005c0   0x080005c0   0x00000004   Code   RO         3263    i.HardFault_Handler  stm32f10x_it.o
    0x080005c4   0x080005c4   0x0000003c   Code   RO         3725    i.I2C_Ack           i2c.o
    0x08000600   0x08000600   0x0000003c   Code   RO         3726    i.I2C_NoAck         i2c.o
    0x0800063c   0x0800063c   0x00000058   Code   RO         3727    i.I2C_ReceiveByte   i2c.o
    0x08000694   0x08000694   0x0000005c   Code   RO         3728    i.I2C_SendByte      i2c.o
    0x080006f0   0x080006f0   0x00000060   Code   RO         3729    i.I2C_Start         i2c.o
    0x08000750   0x08000750   0x0000003c   Code   RO         3730    i.I2C_Stop          i2c.o
    0x0800078c   0x0800078c   0x00000054   Code   RO         3731    i.I2C_WaitAck       i2c.o
    0x080007e0   0x080007e0   0x00000016   Code   RO         3732    i.I2C_delay         i2c.o
    0x080007f6   0x080007f6   0x00000002   PAD
    0x080007f8   0x080007f8   0x00000200   Code   RO         4374    i.MPU6050_Init      mpu6050.o
    0x080009f8   0x080009f8   0x0000025c   Code   RO         4375    i.MPU6050_Pose      mpu6050.o
    0x08000c54   0x08000c54   0x00000004   Code   RO         3264    i.MemManage_Handler  stm32f10x_it.o
    0x08000c58   0x08000c58   0x0000004c   Code   RO         3598    i.Motor_Init        motor.o
    0x08000ca4   0x08000ca4   0x0000007c   Code   RO         3599    i.Motor_SetSpeed    motor.o
    0x08000d20   0x08000d20   0x00000002   Code   RO         3265    i.NMI_Handler       stm32f10x_it.o
    0x08000d22   0x08000d22   0x00000002   PAD
    0x08000d24   0x08000d24   0x00000070   Code   RO          137    i.NVIC_Init         misc.o
    0x08000d94   0x08000d94   0x00000014   Code   RO          138    i.NVIC_PriorityGroupConfig  misc.o
    0x08000da8   0x08000da8   0x0000002a   Code   RO         3472    i.OLED_Clear        oled.o
    0x08000dd2   0x08000dd2   0x000000ae   Code   RO         3473    i.OLED_Init         oled.o
    0x08000e80   0x08000e80   0x00000014   Code   RO         3474    i.OLED_Pow          oled.o
    0x08000e94   0x08000e94   0x0000009c   Code   RO         3475    i.OLED_SPI_Init     oled.o
    0x08000f30   0x08000f30   0x00000040   Code   RO         3476    i.OLED_SPI_SendByte  oled.o
    0x08000f70   0x08000f70   0x00000022   Code   RO         3477    i.OLED_SetCursor    oled.o
    0x08000f92   0x08000f92   0x00000002   PAD
    0x08000f94   0x08000f94   0x00000074   Code   RO         3479    i.OLED_ShowChar     oled.o
    0x08001008   0x08001008   0x00000044   Code   RO         3481    i.OLED_ShowNum      oled.o
    0x0800104c   0x0800104c   0x00000028   Code   RO         3483    i.OLED_ShowString   oled.o
    0x08001074   0x08001074   0x00000038   Code   RO         3484    i.OLED_WriteCommand  oled.o
    0x080010ac   0x080010ac   0x00000034   Code   RO         3485    i.OLED_WriteData    oled.o
    0x080010e0   0x080010e0   0x00000094   Code   RO         3568    i.PWM_Init          pwm.o
    0x08001174   0x08001174   0x00000032   Code   RO         3569    i.PWM_Limiting      pwm.o
    0x080011a6   0x080011a6   0x00000002   PAD
    0x080011a8   0x080011a8   0x00000014   Code   RO         3570    i.PWM_SetCompare3   pwm.o
    0x080011bc   0x080011bc   0x00000014   Code   RO         3571    i.PWM_SetCompare4   pwm.o
    0x080011d0   0x080011d0   0x00000002   Code   RO         3266    i.PendSV_Handler    stm32f10x_it.o
    0x080011d2   0x080011d2   0x00000018   Code   RO         3395    i.PrintChar         usart.o
    0x080011ea   0x080011ea   0x00000002   PAD
    0x080011ec   0x080011ec   0x00000020   Code   RO         1775    i.RCC_APB1PeriphClockCmd  stm32f10x_rcc.o
    0x0800120c   0x0800120c   0x00000020   Code   RO         1777    i.RCC_APB2PeriphClockCmd  stm32f10x_rcc.o
    0x0800122c   0x0800122c   0x00000038   Code   RO         3634    i.Read_Encoder      encoder.o
    0x08001264   0x08001264   0x00000002   Code   RO         3267    i.SVC_Handler       stm32f10x_it.o
    0x08001266   0x08001266   0x00000008   Code   RO           24    i.SetSysClock       system_stm32f10x.o
    0x0800126e   0x0800126e   0x00000002   PAD
    0x08001270   0x08001270   0x000000e0   Code   RO           25    i.SetSysClockTo72   system_stm32f10x.o
    0x08001350   0x08001350   0x00000002   Code   RO         3268    i.SysTick_Handler   stm32f10x_it.o
    0x08001352   0x08001352   0x00000002   PAD
    0x08001354   0x08001354   0x00000060   Code   RO           27    i.SystemInit        system_stm32f10x.o
    0x080013b4   0x080013b4   0x00000080   Code   RO         2405    i.TI1_Config        stm32f10x_tim.o
    0x08001434   0x08001434   0x00000098   Code   RO         2406    i.TI2_Config        stm32f10x_tim.o
    0x080014cc   0x080014cc   0x00000090   Code   RO         2407    i.TI3_Config        stm32f10x_tim.o
    0x0800155c   0x0800155c   0x00000098   Code   RO         2408    i.TI4_Config        stm32f10x_tim.o
    0x080015f4   0x080015f4   0x0000006c   Code   RO         3355    i.TIM1_Int_Init     timer.o
    0x08001660   0x08001660   0x000000d0   Code   RO         3196    i.TIM1_UP_IRQHandler  main.o
    0x08001730   0x08001730   0x00000006   Code   RO         2415    i.TIM_ClearFlag     stm32f10x_tim.o
    0x08001736   0x08001736   0x00000006   Code   RO         2416    i.TIM_ClearITPendingBit  stm32f10x_tim.o
    0x0800173c   0x0800173c   0x00000018   Code   RO         2421    i.TIM_Cmd           stm32f10x_tim.o
    0x08001754   0x08001754   0x00000042   Code   RO         2430    i.TIM_EncoderInterfaceConfig  stm32f10x_tim.o
    0x08001796   0x08001796   0x00000022   Code   RO         2442    i.TIM_GetITStatus   stm32f10x_tim.o
    0x080017b8   0x080017b8   0x000000ac   Code   RO         2444    i.TIM_ICInit        stm32f10x_tim.o
    0x08001864   0x08001864   0x00000012   Code   RO         2445    i.TIM_ICStructInit  stm32f10x_tim.o
    0x08001876   0x08001876   0x00000012   Code   RO         2446    i.TIM_ITConfig      stm32f10x_tim.o
    0x08001888   0x08001888   0x000000a0   Code   RO         2460    i.TIM_OC3Init       stm32f10x_tim.o
    0x08001928   0x08001928   0x0000007c   Code   RO         2465    i.TIM_OC4Init       stm32f10x_tim.o
    0x080019a4   0x080019a4   0x00000014   Code   RO         2468    i.TIM_OCStructInit  stm32f10x_tim.o
    0x080019b8   0x080019b8   0x00000004   Code   RO         2484    i.TIM_SetCompare3   stm32f10x_tim.o
    0x080019bc   0x080019bc   0x00000006   Code   RO         2485    i.TIM_SetCompare4   stm32f10x_tim.o
    0x080019c2   0x080019c2   0x00000004   Code   RO         2486    i.TIM_SetCounter    stm32f10x_tim.o
    0x080019c6   0x080019c6   0x00000012   Code   RO         2487    i.TIM_SetIC1Prescaler  stm32f10x_tim.o
    0x080019d8   0x080019d8   0x0000001a   Code   RO         2488    i.TIM_SetIC2Prescaler  stm32f10x_tim.o
    0x080019f2   0x080019f2   0x00000012   Code   RO         2489    i.TIM_SetIC3Prescaler  stm32f10x_tim.o
    0x08001a04   0x08001a04   0x0000001a   Code   RO         2490    i.TIM_SetIC4Prescaler  stm32f10x_tim.o
    0x08001a1e   0x08001a1e   0x00000002   PAD
    0x08001a20   0x08001a20   0x000000a4   Code   RO         2492    i.TIM_TimeBaseInit  stm32f10x_tim.o
    0x08001ac4   0x08001ac4   0x00000012   Code   RO         2493    i.TIM_TimeBaseStructInit  stm32f10x_tim.o
    0x08001ad6   0x08001ad6   0x00000002   PAD
    0x08001ad8   0x08001ad8   0x00000020   Code   RO         3398    i.USART1_Send_Byte  usart.o
    0x08001af8   0x08001af8   0x00000024   Code   RO         3197    i.USART2_IRQHandler  main.o
    0x08001b1c   0x08001b1c   0x0000001a   Code   RO         2963    i.USART_GetFlagStatus  stm32f10x_usart.o
    0x08001b36   0x08001b36   0x00000054   Code   RO         2964    i.USART_GetITStatus  stm32f10x_usart.o
    0x08001b8a   0x08001b8a   0x0000000a   Code   RO         2974    i.USART_ReceiveData  stm32f10x_usart.o
    0x08001b94   0x08001b94   0x00000008   Code   RO         2977    i.USART_SendData    stm32f10x_usart.o
    0x08001b9c   0x08001b9c   0x00000004   Code   RO         3269    i.UsageFault_Handler  stm32f10x_it.o
    0x08001ba0   0x08001ba0   0x00000028   Code   RO         4527    i.__ARM_fpclassify  m_ws.l(fpclassify.o)
    0x08001bc8   0x08001bc8   0x000000aa   Code   RO         4529    i.__kernel_poly     m_ws.l(poly.o)
    0x08001c72   0x08001c72   0x00000006   Code   RO         4514    i.__mathlib_dbl_infnan  m_ws.l(dunder.o)
    0x08001c78   0x08001c78   0x00000004   Code   RO         4515    i.__mathlib_dbl_infnan2  m_ws.l(dunder.o)
    0x08001c7c   0x08001c7c   0x0000000c   Code   RO         4516    i.__mathlib_dbl_invalid  m_ws.l(dunder.o)
    0x08001c88   0x08001c88   0x00000010   Code   RO         4519    i.__mathlib_dbl_underflow  m_ws.l(dunder.o)
    0x08001c98   0x08001c98   0x00000270   Code   RO         4454    i.asin              m_ws.l(asin.o)
    0x08001f08   0x08001f08   0x00000220   Code   RO         4504    i.atan              m_ws.l(atan.o)
    0x08002128   0x08002128   0x00000180   Code   RO         4464    i.atan2             m_ws.l(atan2.o)
    0x080022a8   0x080022a8   0x0000004c   Code   RO         3673    i.balance           control.o
    0x080022f4   0x080022f4   0x00000064   Code   RO         4168    i.decode_gesture    inv_mpu_dmp_motion_driver.o
    0x08002358   0x08002358   0x00000018   Code   RO         3367    i.delay_ms          delay.o
    0x08002370   0x08002370   0x0000001a   Code   RO         3368    i.delay_us          delay.o
    0x0800238a   0x0800238a   0x0000003c   Code   RO         4169    i.dmp_enable_6x_lp_quat  inv_mpu_dmp_motion_driver.o
    0x080023c6   0x080023c6   0x00000002   PAD
    0x080023c8   0x080023c8   0x0000021c   Code   RO         4170    i.dmp_enable_feature  inv_mpu_dmp_motion_driver.o
    0x080025e4   0x080025e4   0x00000058   Code   RO         4171    i.dmp_enable_gyro_cal  inv_mpu_dmp_motion_driver.o
    0x0800263c   0x0800263c   0x0000003c   Code   RO         4172    i.dmp_enable_lp_quat  inv_mpu_dmp_motion_driver.o
    0x08002678   0x08002678   0x00000018   Code   RO         4177    i.dmp_load_motion_driver_firmware  inv_mpu_dmp_motion_driver.o
    0x08002690   0x08002690   0x000001cc   Code   RO         4178    i.dmp_read_fifo     inv_mpu_dmp_motion_driver.o
    0x0800285c   0x0800285c   0x00000070   Code   RO         4182    i.dmp_set_fifo_rate  inv_mpu_dmp_motion_driver.o
    0x080028cc   0x080028cc   0x00000138   Code   RO         4185    i.dmp_set_orientation  inv_mpu_dmp_motion_driver.o
    0x08002a04   0x08002a04   0x00000038   Code   RO         4188    i.dmp_set_shake_reject_thresh  inv_mpu_dmp_motion_driver.o
    0x08002a3c   0x08002a3c   0x00000026   Code   RO         4189    i.dmp_set_shake_reject_time  inv_mpu_dmp_motion_driver.o
    0x08002a62   0x08002a62   0x00000026   Code   RO         4190    i.dmp_set_shake_reject_timeout  inv_mpu_dmp_motion_driver.o
    0x08002a88   0x08002a88   0x00000046   Code   RO         4191    i.dmp_set_tap_axes  inv_mpu_dmp_motion_driver.o
    0x08002ace   0x08002ace   0x00000026   Code   RO         4192    i.dmp_set_tap_count  inv_mpu_dmp_motion_driver.o
    0x08002af4   0x08002af4   0x000001a0   Code   RO         4193    i.dmp_set_tap_thresh  inv_mpu_dmp_motion_driver.o
    0x08002c94   0x08002c94   0x00000026   Code   RO         4194    i.dmp_set_tap_time  inv_mpu_dmp_motion_driver.o
    0x08002cba   0x08002cba   0x00000026   Code   RO         4195    i.dmp_set_tap_time_multi  inv_mpu_dmp_motion_driver.o
    0x08002ce0   0x08002ce0   0x000000c4   Code   RO         3198    i.fts               main.o
    0x08002da4   0x08002da4   0x00000002   Code   RO         3369    i.get_ms            delay.o
    0x08002da6   0x08002da6   0x00000002   PAD
    0x08002da8   0x08002da8   0x0000002c   Code   RO         3734    i.i2cInit           i2c.o
    0x08002dd4   0x08002dd4   0x00000078   Code   RO         3735    i.i2cRead           i2c.o
    0x08002e4c   0x08002e4c   0x00000064   Code   RO         3737    i.i2cWriteBuffer    i2c.o
    0x08002eb0   0x08002eb0   0x00000026   Code   RO         3738    i.i2cread           i2c.o
    0x08002ed6   0x08002ed6   0x00000026   Code   RO         3739    i.i2cwrite          i2c.o
    0x08002efc   0x08002efc   0x00000028   Code   RO         4196    i.inv_orientation_matrix_to_scalar  inv_mpu_dmp_motion_driver.o
    0x08002f24   0x08002f24   0x0000004e   Code   RO         4197    i.inv_row_2_scale   inv_mpu_dmp_motion_driver.o
    0x08002f72   0x08002f72   0x00000002   PAD
    0x08002f74   0x08002f74   0x00000050   Code   RO         3199    i.main              main.o
    0x08002fc4   0x08002fc4   0x00000070   Code   RO         3869    i.mpu_configure_fifo  inv_mpu.o
    0x08003034   0x08003034   0x0000004c   Code   RO         3870    i.mpu_get_accel_fsr  inv_mpu.o
    0x08003080   0x08003080   0x000001f0   Code   RO         3886    i.mpu_init          inv_mpu.o
    0x08003270   0x08003270   0x000000b8   Code   RO         3887    i.mpu_load_firmware  inv_mpu.o
    0x08003328   0x08003328   0x000000e0   Code   RO         3888    i.mpu_lp_accel_mode  inv_mpu.o
    0x08003408   0x08003408   0x000000c0   Code   RO         3891    i.mpu_read_fifo_stream  inv_mpu.o
    0x080034c8   0x080034c8   0x00000080   Code   RO         3892    i.mpu_read_mem      inv_mpu.o
    0x08003548   0x08003548   0x000001c8   Code   RO         3895    i.mpu_reset_fifo    inv_mpu.o
    0x08003710   0x08003710   0x00000084   Code   RO         3898    i.mpu_set_accel_fsr  inv_mpu.o
    0x08003794   0x08003794   0x0000014c   Code   RO         3899    i.mpu_set_bypass    inv_mpu.o
    0x080038e0   0x080038e0   0x00000090   Code   RO         3901    i.mpu_set_dmp_state  inv_mpu.o
    0x08003970   0x08003970   0x00000088   Code   RO         3902    i.mpu_set_gyro_fsr  inv_mpu.o
    0x080039f8   0x080039f8   0x0000006c   Code   RO         3903    i.mpu_set_int_latched  inv_mpu.o
    0x08003a64   0x08003a64   0x00000084   Code   RO         3905    i.mpu_set_lpf       inv_mpu.o
    0x08003ae8   0x08003ae8   0x0000009c   Code   RO         3906    i.mpu_set_sample_rate  inv_mpu.o
    0x08003b84   0x08003b84   0x000000d0   Code   RO         3907    i.mpu_set_sensors   inv_mpu.o
    0x08003c54   0x08003c54   0x00000080   Code   RO         3908    i.mpu_write_mem     inv_mpu.o
    0x08003cd4   0x08003cd4   0x00000090   Code   RO         3909    i.set_int_enable    inv_mpu.o
    0x08003d64   0x08003d64   0x0000004c   Code   RO         4533    i.sqrt              m_ws.l(sqrt.o)
    0x08003db0   0x08003db0   0x00000062   Code   RO         4413    x$fpl$d2f           fz_ws.l(d2f.o)
    0x08003e12   0x08003e12   0x00000002   PAD
    0x08003e14   0x08003e14   0x00000150   Code   RO         4478    x$fpl$dadd          fz_ws.l(daddsub_clz.o)
    0x08003f64   0x08003f64   0x00000010   Code   RO         4566    x$fpl$dcheck1       fz_ws.l(dcheck1.o)
    0x08003f74   0x08003f74   0x000002b0   Code   RO         4487    x$fpl$ddiv          fz_ws.l(ddiv.o)
    0x08004224   0x08004224   0x00000154   Code   RO         4417    x$fpl$dmul          fz_ws.l(dmul.o)
    0x08004378   0x08004378   0x0000009c   Code   RO         4490    x$fpl$dnaninf       fz_ws.l(dnaninf.o)
    0x08004414   0x08004414   0x0000000c   Code   RO         4492    x$fpl$dretinf       fz_ws.l(dretinf.o)
    0x08004420   0x08004420   0x00000016   Code   RO         4479    x$fpl$drsb          fz_ws.l(daddsub_clz.o)
    0x08004436   0x08004436   0x00000002   PAD
    0x08004438   0x08004438   0x000001cc   Code   RO         4568    x$fpl$dsqrt         fz_ws.l(dsqrt_noumaal.o)
    0x08004604   0x08004604   0x000001d4   Code   RO         4480    x$fpl$dsub          fz_ws.l(daddsub_clz.o)
    0x080047d8   0x080047d8   0x00000056   Code   RO         4419    x$fpl$f2d           fz_ws.l(f2d.o)
    0x0800482e   0x0800482e   0x00000002   PAD
    0x08004830   0x08004830   0x000000c4   Code   RO         4421    x$fpl$fadd          fz_ws.l(faddsub_clz.o)
    0x080048f4   0x080048f4   0x00000018   Code   RO         4494    x$fpl$fcmpinf       fz_ws.l(fcmpi.o)
    0x0800490c   0x0800490c   0x00000184   Code   RO         4428    x$fpl$fdiv          fz_ws.l(fdiv.o)
    0x08004a90   0x08004a90   0x00000036   Code   RO         4433    x$fpl$ffix          fz_ws.l(ffix.o)
    0x08004ac6   0x08004ac6   0x00000002   PAD
    0x08004ac8   0x08004ac8   0x0000003e   Code   RO         4437    x$fpl$ffixu         fz_ws.l(ffixu.o)
    0x08004b06   0x08004b06   0x00000002   PAD
    0x08004b08   0x08004b08   0x00000030   Code   RO         4442    x$fpl$fflt          fz_ws.l(fflt_clz.o)
    0x08004b38   0x08004b38   0x00000026   Code   RO         4441    x$fpl$ffltu         fz_ws.l(fflt_clz.o)
    0x08004b5e   0x08004b5e   0x00000002   PAD
    0x08004b60   0x08004b60   0x00000068   Code   RO         4447    x$fpl$fleqf         fz_ws.l(fleqf.o)
    0x08004bc8   0x08004bc8   0x00000102   Code   RO         4449    x$fpl$fmul          fz_ws.l(fmul.o)
    0x08004cca   0x08004cca   0x0000008c   Code   RO         4496    x$fpl$fnaninf       fz_ws.l(fnaninf.o)
    0x08004d56   0x08004d56   0x0000000a   Code   RO         4498    x$fpl$fretinf       fz_ws.l(fretinf.o)
    0x08004d60   0x08004d60   0x00000062   Code   RO         4451    x$fpl$frleqf        fz_ws.l(frleqf.o)
    0x08004dc2   0x08004dc2   0x00000002   PAD
    0x08004dc4   0x08004dc4   0x000000ea   Code   RO         4423    x$fpl$fsub          fz_ws.l(faddsub_clz.o)
    0x08004eae   0x08004eae   0x00000064   Code   RO         4585    x$fpl$retnan        fz_ws.l(retnan.o)
    0x08004f12   0x08004f12   0x0000005c   Code   RO         4500    x$fpl$scalbn        fz_ws.l(scalbn.o)
    0x08004f6e   0x08004f6e   0x00000030   Code   RO         4638    x$fpl$trapveneer    fz_ws.l(trapv.o)
    0x08004f9e   0x08004f9e   0x00000000   Code   RO         4502    x$fpl$usenofp       fz_ws.l(usenofp.o)
    0x08004f9e   0x08004f9e   0x000005f0   Data   RO         3486    .constdata          oled.o
    0x0800558e   0x0800558e   0x00000002   PAD
    0x08005590   0x08005590   0x00000050   Data   RO         3910    .constdata          inv_mpu.o
    0x080055e0   0x080055e0   0x00000bf6   Data   RO         4200    .constdata          inv_mpu_dmp_motion_driver.o
    0x080061d6   0x080061d6   0x00000002   PAD
    0x080061d8   0x080061d8   0x00000050   Data   RO         4455    .constdata          m_ws.l(asin.o)
    0x08006228   0x08006228   0x00000098   Data   RO         4505    .constdata          m_ws.l(atan.o)
    0x080062c0   0x080062c0   0x00000008   Data   RO         4531    .constdata          m_ws.l(qnan.o)
    0x080062c8   0x080062c8   0x0000004e   Data   RO         3911    .conststring        inv_mpu.o
    0x08006316   0x08006316   0x00000002   PAD
    0x08006318   0x08006318   0x00000020   Data   RO         4717    Region$$Table       anon$$obj.o


    Execution Region RW_IRAM1 (Exec base: 0x20000000, Load base: 0x08006338, Size: 0x00000770, Max: 0x00005000, ABSOLUTE)

    Exec Addr    Load Addr    Size         Type   Attr      Idx    E Section Name        Object

    0x20000000   0x08006338   0x00000048   Data   RW         3200    .data               main.o
    0x20000048   0x08006380   0x00000008   Data   RW         3601    .data               motor.o
    0x20000050   0x08006388   0x00000048   Data   RW         3675    .data               control.o
    0x20000098   0x080063d0   0x0000002c   Data   RW         3912    .data               inv_mpu.o
    0x200000c4   0x080063fc   0x00000036   Data   RW         4376    .data               mpu6050.o
    0x200000fa   0x08006432   0x00000002   PAD
    0x200000fc        -       0x00000010   Zero   RW         4199    .bss                inv_mpu_dmp_motion_driver.o
    0x2000010c        -       0x00000060   Zero   RW         4571    .bss                c_w.l(libspace.o)
    0x2000016c   0x08006432   0x00000004   PAD
    0x20000170        -       0x00000200   Zero   RW           18    HEAP                startup_stm32f10x_md.o
    0x20000370        -       0x00000400   Zero   RW           17    STACK               startup_stm32f10x_md.o


==============================================================================

Image component sizes


      Code (inc. data)   RO Data    RW Data    ZI Data      Debug   Object Name

        76         12          0         72          0       2487   control.o
         0          0          0          0          0       4524   core_cm3.o
        52          0          0          0          0       1259   delay.o
       372         18          0          0          0       1723   encoder.o
       902         38          0          0          0       6846   i2c.o
      3488        174        158         44          0      16389   inv_mpu.o
      2606        108       3062          0         16      18720   inv_mpu_dmp_motion_driver.o
       520         86          0         72          0       3189   main.o
       132         22          0          0          0     204527   misc.o
       200         16          0          8          0       1271   motor.o
      1116        272          0         54          0       2082   mpu6050.o
       822         40       1520          0          0       6140   oled.o
       238         22          0          0          0       2026   pwm.o
        64         26        236          0       1536        748   startup_stm32f10x_md.o
         0          0          0          0          0       1612   stm32f10x_adc.o
       292          0          0          0          0      11029   stm32f10x_gpio.o
        26          0          0          0          0       3350   stm32f10x_it.o
        64         12          0          0          0        986   stm32f10x_rcc.o
      1508        170          0          0          0      33748   stm32f10x_tim.o
       128          0          0          0          0       9471   stm32f10x_usart.o
       328         28          0          0          0      30225   system_stm32f10x.o
       108          6          0          0          0        504   timer.o
        56          4          0          0          0        927   usart.o

    ----------------------------------------------------------------------
     13122       1054       5014        252       1552     363783   Object Totals
         0          0         32          0          0          0   (incl. Generated)
        24          0          6          2          0          0   (incl. Padding)

    ----------------------------------------------------------------------

      Code (inc. data)   RO Data    RW Data    ZI Data      Debug   Library Member Name

         8          0          0          0          0         68   __main.o
         0          0          0          0          0          0   __rtentry.o
        12          0          0          0          0          0   __rtentry2.o
         6          0          0          0          0          0   __rtentry4.o
        52          8          0          0          0          0   __scatter.o
        26          0          0          0          0          0   __scatter_copy.o
        28          0          0          0          0          0   __scatter_zi.o
        22          0          0          0          0        100   _rserrno.o
        16          0          0          0          0         68   aeabi_memset.o
        18          0          0          0          0         80   exit.o
         6          0          0          0          0        152   heapauxi.o
         0          0          0          0          0          0   indicate_semi.o
         2          0          0          0          0          0   libinit.o
         2          0          0          0          0          0   libinit2.o
         2          0          0          0          0          0   libshutdown.o
         2          0          0          0          0          0   libshutdown2.o
         8          4          0          0         96         68   libspace.o
        88          0          0          0          0         76   memcmp.o
         8          4          0          0          0         68   rt_errno_addr_intlibspace.o
        68          0          0          0          0         68   rt_memclr.o
        78          0          0          0          0         80   rt_memclr_w.o
         2          0          0          0          0          0   rtexit.o
        10          0          0          0          0          0   rtexit2.o
        12          4          0          0          0         68   sys_exit.o
        74          0          0          0          0         80   sys_stackheap_outer.o
         2          0          0          0          0         68   use_no_semi.o
        98          4          0          0          0         92   d2f.o
       826         16          0          0          0        348   daddsub_clz.o
        16          4          0          0          0         68   dcheck1.o
       688        140          0          0          0        208   ddiv.o
       340         12          0          0          0        104   dmul.o
       156          4          0          0          0         92   dnaninf.o
        12          0          0          0          0         68   dretinf.o
       460         56          0          0          0        120   dsqrt_noumaal.o
        86          4          0          0          0         84   f2d.o
       430          8          0          0          0        168   faddsub_clz.o
        24          0          0          0          0         68   fcmpi.o
       388         76          0          0          0         96   fdiv.o
        54          4          0          0          0         84   ffix.o
        62          4          0          0          0         84   ffixu.o
        86          0          0          0          0        136   fflt_clz.o
       104          4          0          0          0         84   fleqf.o
       258          4          0          0          0         84   fmul.o
       140          4          0          0          0         84   fnaninf.o
        10          0          0          0          0         68   fretinf.o
        98          0          0          0          0         68   frleqf.o
       100          0          0          0          0         68   retnan.o
        92          0          0          0          0         68   scalbn.o
        48          0          0          0          0         68   trapv.o
         0          0          0          0          0          0   usenofp.o
       624         52         80          0          0        168   asin.o
       544         70        152          0          0        124   atan.o
       384         38          0          0          0        144   atan2.o
        38          6          0          0          0        272   dunder.o
        40          0          0          0          0         68   fpclassify.o
       170          0          0          0          0         96   poly.o
         0          0          8          0          0          0   qnan.o
        76          0          0          0          0         84   sqrt.o

    ----------------------------------------------------------------------
      7024        530        240          0        100       4412   Library Totals
        20          0          0          0          4          0   (incl. Padding)

    ----------------------------------------------------------------------

      Code (inc. data)   RO Data    RW Data    ZI Data      Debug   Library Name

       552         20          0          0         96       1044   c_w.l
      4576        344          0          0          0       2412   fz_ws.l
      1876        166        240          0          0        956   m_ws.l

    ----------------------------------------------------------------------
      7024        530        240          0        100       4412   Library Totals

    ----------------------------------------------------------------------

==============================================================================


      Code (inc. data)   RO Data    RW Data    ZI Data      Debug   

     20146       1584       5254        252       1652     359299   Grand Totals
     20146       1584       5254        252       1652     359299   ELF Image Totals
     20146       1584       5254        252          0          0   ROM Totals

==============================================================================

    Total RO  Size (Code + RO Data)                25400 (  24.80kB)
    Total RW  Size (RW Data + ZI Data)              1904 (   1.86kB)
    Total ROM Size (Code + RO Data + RW Data)      25652 (  25.05kB)

==============================================================================

